[2026-10-01 17:34:15] === Task 3 final run | GPU: NVIDIA GeForce RTX 4090 (24 GB) | budget 13.00 h (training 12.67 h) | variants: V2_CONTINUE, MSD_TEXTURE ===
[2026-10-01 17:34:15] V2_CONTINUE: started (pid 34476)
[2026-10-01 17:34:20] MSD_TEXTURE: started (pid 34616)
[2026-10-01 17:34:25] V2_CONTINUE: 
[2026-10-01 17:34:25] MSD_TEXTURE: 
[2026-10-01 17:39:25] V2_CONTINUE: [V2_CONTINUE] epoch=1/270 step=1000 lr=2.00e-04 lam_cyc=10.00 loss_G=4.5071 adv=0.9150 cyc=0.2843 idt=0.2997 D_A=0.1160 D_B=0.1794 gnG=14.047 gnD=6.302 elapsed=4.6m eta=1
    [V2_CONTINUE] budget 12.67 h: epoch 0 took 156s (0.156 s/step), one FID check 121s -> 270 epochs x 1000 steps, LR decay from epoch 108, FID checks from epoch 27 every 35
[2026-10-01 17:39:25] MSD_TEXTURE: [MSD_TEXTURE] epoch=0/60 step=800 lr=2.00e-04 lam_cyc=10.00 loss_G=3.7414 adv=0.7547 cyc=0.2228 idt=0.3036 D_A=0.2356 D_B=0.2122 gnG=13.154 gnD=10.805 elapsed=2.4m eta=18
    [MSD_TEXTURE] budget 12.67 h: epoch 0 took 178s (0.178 s/step), one FID check 116s -> 237 epochs x 1000 steps, LR decay from epoch 95, FID checks from epoch 24 every 31
[2026-10-01 17:44:25] V2_CONTINUE: [V2_CONTINUE] epoch=3/270 step=3400 lr=2.00e-04 lam_cyc=10.00 loss_G=4.0487 adv=0.5948 cyc=0.2758 idt=0.2785 D_A=0.2382 D_B=0.1875 gnG=15.938 gnD=8.375 elapsed=9.8m eta=7
    [V2_CONTINUE] budget 12.67 h: epoch 0 took 156s (0.156 s/step), one FID check 121s -> 270 epochs x 1000 steps, LR decay from epoch 108, FID checks from epoch 27 every 35
[2026-10-01 17:44:25] MSD_TEXTURE: [MSD_TEXTURE] epoch=2/237 step=2800 lr=2.00e-04 lam_cyc=9.94 loss_G=3.4303 adv=1.1653 cyc=0.1806 idt=0.1891 D_A=0.2883 D_B=0.0904 gnG=12.154 gnD=24.010 elapsed=9.7m eta=8
    [MSD_TEXTURE] budget 12.67 h: epoch 0 took 178s (0.178 s/step), one FID check 116s -> 237 epochs x 1000 steps, LR decay from epoch 95, FID checks from epoch 24 every 31
[2026-10-01 17:49:25] V2_CONTINUE: [V2_CONTINUE] epoch=5/270 step=5600 lr=2.00e-04 lam_cyc=10.00 loss_G=5.4736 adv=0.8229 cyc=0.3856 idt=0.3180 D_A=0.2782 D_B=0.2125 gnG=28.279 gnD=8.837 elapsed=14.8m eta=
    [V2_CONTINUE] budget 12.67 h: epoch 0 took 156s (0.156 s/step), one FID check 121s -> 270 epochs x 1000 steps, LR decay from epoch 108, FID checks from epoch 27 every 35
[2026-10-01 17:49:25] MSD_TEXTURE: [MSD_TEXTURE] epoch=4/237 step=4600 lr=2.00e-04 lam_cyc=9.88 loss_G=3.4275 adv=0.9416 cyc=0.2138 idt=0.1511 D_A=0.0842 D_B=0.1290 gnG=15.482 gnD=11.606 elapsed=14.5m eta=
    [MSD_TEXTURE] budget 12.67 h: epoch 0 took 178s (0.178 s/step), one FID check 116s -> 237 epochs x 1000 steps, LR decay from epoch 95, FID checks from epoch 24 every 31
[2026-10-01 17:54:25] V2_CONTINUE: [V2_CONTINUE] epoch=7/270 step=7800 lr=2.00e-04 lam_cyc=10.00 loss_G=4.3897 adv=0.8889 cyc=0.2639 idt=0.3448 D_A=0.3137 D_B=0.3202 gnG=19.760 gnD=17.962 elapsed=19.7m eta
    [V2_CONTINUE] budget 12.67 h: epoch 0 took 156s (0.156 s/step), one FID check 121s -> 270 epochs x 1000 steps, LR decay from epoch 108, FID checks from epoch 27 every 35
[2026-10-01 17:54:25] MSD_TEXTURE: [MSD_TEXTURE] epoch=6/237 step=6600 lr=2.00e-04 lam_cyc=9.82 loss_G=5.5544 adv=0.7117 cyc=0.3850 idt=0.4322 D_A=0.2284 D_B=0.2883 gnG=18.920 gnD=11.916 elapsed=19.9m eta=
    [MSD_TEXTURE] budget 12.67 h: epoch 0 took 178s (0.178 s/step), one FID check 116s -> 237 epochs x 1000 steps, LR decay from epoch 95, FID checks from epoch 24 every 31
[2026-10-01 19:29:06] === Task 3 final run | GPU: NVIDIA GeForce RTX 4090 (24 GB) | budget 13.00 h (training 12.67 h) | variants: V2_CONTINUE ===
[2026-10-01 19:29:06] V2_CONTINUE: started (pid 38372) [resume]
[2026-10-01 19:29:11] V2_CONTINUE: [V2_CONTINUE] epoch=8/270 step=8200 lr=2.00e-04 lam_cyc=10.00 loss_G=4.1613 adv=1.6184 cyc=0.2022 idt=0.2083 D_A=0.3021 D_B=0.5343 gnG=15.815 gnD=34.630 elapsed=20.6m eta
    [V2_CONTINUE] budget 12.67 h: epoch 0 took 156s (0.156 s/step), one FID check 121s -> 270 epochs x 1000 steps, LR decay from epoch 108, FID checks from epoch 27 every 35
[2026-10-01 19:34:11] V2_CONTINUE: [V2_CONTINUE] epoch=10/270 step=10600 lr=2.00e-04 lam_cyc=10.00 loss_G=3.6664 adv=1.0558 cyc=0.2015 idt=0.2384 D_A=0.1829 D_B=0.1980 gnG=13.227 gnD=7.613 elapsed=24.7m et
[2026-10-01 19:39:11] V2_CONTINUE: [V2_CONTINUE] epoch=13/270 step=13600 lr=2.00e-04 lam_cyc=10.00 loss_G=3.9289 adv=0.4642 cyc=0.2633 idt=0.3328 D_A=0.2390 D_B=0.2035 gnG=12.687 gnD=10.012 elapsed=29.7m e
[2026-10-01 19:44:11] V2_CONTINUE: [V2_CONTINUE] epoch=16/270 step=16600 lr=2.00e-04 lam_cyc=10.00 loss_G=4.1605 adv=0.9256 cyc=0.2461 idt=0.3095 D_A=0.0933 D_B=0.3022 gnG=10.565 gnD=10.457 elapsed=34.9m e
[2026-10-01 19:49:11] V2_CONTINUE: [V2_CONTINUE] epoch=19/270 step=19800 lr=2.00e-04 lam_cyc=10.00 loss_G=4.3055 adv=1.6223 cyc=0.2164 idt=0.2076 D_A=0.2498 D_B=0.1509 gnG=13.572 gnD=7.854 elapsed=39.8m et
[2026-10-01 19:54:12] V2_CONTINUE: [V2_CONTINUE] epoch=23/270 step=23200 lr=2.00e-04 lam_cyc=10.00 loss_G=3.6793 adv=1.4647 cyc=0.1812 idt=0.1610 D_A=0.0929 D_B=0.2133 gnG=12.119 gnD=8.959 elapsed=44.8m et
[2026-10-01 19:59:12] V2_CONTINUE: [V2_CONTINUE] epoch=26/270 step=26200 lr=2.00e-04 lam_cyc=10.00 loss_G=4.2028 adv=1.4769 cyc=0.2154 idt=0.2290 D_A=0.1530 D_B=0.0842 gnG=13.389 gnD=10.566 elapsed=49.9m e
[2026-10-01 20:04:12] V2_CONTINUE: [V2_CONTINUE] epoch=28/270 step=28400 lr=2.00e-04 lam_cyc=10.00 loss_G=3.7699 adv=1.2829 cyc=0.1907 idt=0.2318 D_A=0.1669 D_B=0.0637 gnG=7.789 gnD=10.498 elapsed=54.9m et
    [V2_CONTINUE] epoch=27 select_score=53.785 (FID 107.16: photo->Monet 103.53, Monet->photo 110.78; MiFID 0.4141) raw_raw=54.138 ema_ema=54.597 [ema_raw, 600 held-out photos, 90s] best=53.785@epoch27(em
[2026-10-01 20:09:12] V2_CONTINUE: [V2_CONTINUE] epoch=31/270 step=31600 lr=2.00e-04 lam_cyc=10.00 loss_G=4.9178 adv=1.2981 cyc=0.2925 idt=0.2778 D_A=0.3748 D_B=0.1598 gnG=19.079 gnD=12.687 elapsed=59.8m e
    [V2_CONTINUE] epoch=27 select_score=53.785 (FID 107.16: photo->Monet 103.53, Monet->photo 110.78; MiFID 0.4141) raw_raw=54.138 ema_ema=54.597 [ema_raw, 600 held-out photos, 90s] best=53.785@epoch27(em
[2026-10-01 20:14:12] V2_CONTINUE: [V2_CONTINUE] epoch=35/270 step=35000 lr=2.00e-04 lam_cyc=10.00 loss_G=3.8965 adv=1.3124 cyc=0.2024 idt=0.2242 D_A=0.0753 D_B=0.2443 gnG=11.753 gnD=11.056 elapsed=64.9m e
    [V2_CONTINUE] epoch=27 select_score=53.785 (FID 107.16: photo->Monet 103.53, Monet->photo 110.78; MiFID 0.4141) raw_raw=54.138 ema_ema=54.597 [ema_raw, 600 held-out photos, 90s] best=53.785@epoch27(em
[2026-10-01 20:19:12] V2_CONTINUE: [V2_CONTINUE] epoch=38/270 step=38600 lr=2.00e-04 lam_cyc=10.00 loss_G=4.4265 adv=1.0889 cyc=0.2550 idt=0.3148 D_A=0.0580 D_B=0.3870 gnG=15.265 gnD=16.884 elapsed=69.9m e
[2026-10-01 20:24:13] V2_CONTINUE: [V2_CONTINUE] epoch=42/270 step=42200 lr=2.00e-04 lam_cyc=10.00 loss_G=2.5417 adv=0.4366 cyc=0.1693 idt=0.1648 D_A=0.1544 D_B=0.0982 gnG=8.632 gnD=8.997 elapsed=74.8m eta
[2026-10-01 20:29:13] V2_CONTINUE: [V2_CONTINUE] epoch=46/270 step=46000 lr=2.00e-04 lam_cyc=10.00 loss_G=4.5837 adv=1.0565 cyc=0.2787 idt=0.2962 D_A=0.1373 D_B=0.1003 gnG=10.938 gnD=8.436 elapsed=79.9m et
[2026-10-01 20:34:13] V2_CONTINUE: [V2_CONTINUE] epoch=49/270 step=49400 lr=2.00e-04 lam_cyc=10.00 loss_G=3.6523 adv=0.9379 cyc=0.2215 idt=0.1997 D_A=0.2739 D_B=0.2043 gnG=7.418 gnD=8.666 elapsed=85.0m eta
[2026-10-01 20:39:13] V2_CONTINUE: [V2_CONTINUE] epoch=52/270 step=52600 lr=2.00e-04 lam_cyc=10.00 loss_G=3.4153 adv=1.3855 cyc=0.1606 idt=0.1696 D_A=0.1159 D_B=0.0886 gnG=11.401 gnD=6.484 elapsed=89.8m et
[2026-10-01 20:44:13] V2_CONTINUE: [V2_CONTINUE] epoch=56/270 step=56400 lr=2.00e-04 lam_cyc=10.00 loss_G=3.3572 adv=1.1530 cyc=0.1745 idt=0.1837 D_A=0.0606 D_B=0.0654 gnG=8.631 gnD=6.901 elapsed=94.8m eta
[2026-10-01 20:49:13] V2_CONTINUE: [V2_CONTINUE] epoch=60/270 step=60400 lr=2.00e-04 lam_cyc=10.00 loss_G=4.2189 adv=1.0809 cyc=0.2369 idt=0.3075 D_A=0.1285 D_B=0.0779 gnG=8.520 gnD=9.468 elapsed=99.9m eta
[2026-10-01 20:54:13] V2_CONTINUE: [V2_CONTINUE] epoch=63/270 step=63200 lr=2.00e-04 lam_cyc=10.00 loss_G=3.1338 adv=1.2453 cyc=0.1533 idt=0.1420 D_A=0.0967 D_B=0.2155 gnG=10.337 gnD=9.483 elapsed=104.9m e
    [V2_CONTINUE] epoch=62 select_score=51.807 (FID 103.20: photo->Monet 99.31, Monet->photo 107.09; MiFID 0.4093) raw_raw=52.930 ema_ema=51.807 [ema_ema, 600 held-out photos, 81s] best=51.807@epoch62(ema
[2026-10-01 20:59:14] V2_CONTINUE: [V2_CONTINUE] epoch=67/270 step=67200 lr=2.00e-04 lam_cyc=10.00 loss_G=4.4042 adv=0.9017 cyc=0.2824 idt=0.2713 D_A=0.1926 D_B=0.1070 gnG=11.211 gnD=9.591 elapsed=110.0m e
    [V2_CONTINUE] epoch=62 select_score=51.807 (FID 103.20: photo->Monet 99.31, Monet->photo 107.09; MiFID 0.4093) raw_raw=52.930 ema_ema=51.807 [ema_ema, 600 held-out photos, 81s] best=51.807@epoch62(ema
[2026-10-01 21:04:14] V2_CONTINUE: [V2_CONTINUE] epoch=71/270 step=71000 lr=2.00e-04 lam_cyc=10.00 loss_G=3.8011 adv=1.7969 cyc=0.1622 idt=0.1529 D_A=0.1142 D_B=0.1439 gnG=13.857 gnD=6.161 elapsed=114.9m e
[2026-10-01 21:09:14] V2_CONTINUE: [V2_CONTINUE] epoch=74/270 step=74800 lr=2.00e-04 lam_cyc=10.00 loss_G=3.3921 adv=0.8619 cyc=0.2014 idt=0.2064 D_A=0.1448 D_B=0.1348 gnG=6.648 gnD=10.977 elapsed=119.8m e
[2026-10-01 21:14:14] V2_CONTINUE: [V2_CONTINUE] epoch=78/270 step=78400 lr=2.00e-04 lam_cyc=10.00 loss_G=3.0408 adv=0.6858 cyc=0.1909 idt=0.1783 D_A=0.1861 D_B=0.1717 gnG=9.489 gnD=9.011 elapsed=125.0m et
[2026-10-01 21:19:14] V2_CONTINUE: [V2_CONTINUE] epoch=81/270 step=81800 lr=2.00e-04 lam_cyc=10.00 loss_G=3.8723 adv=1.1776 cyc=0.2058 idt=0.2547 D_A=0.1258 D_B=0.1833 gnG=9.182 gnD=7.262 elapsed=129.9m et
[2026-10-01 21:24:14] V2_CONTINUE: [V2_CONTINUE] epoch=85/270 step=85200 lr=2.00e-04 lam_cyc=10.00 loss_G=3.1228 adv=0.5098 cyc=0.2001 idt=0.2450 D_A=0.3853 D_B=0.3412 gnG=9.546 gnD=13.105 elapsed=134.9m e
[2026-10-01 21:29:14] V2_CONTINUE: [V2_CONTINUE] epoch=88/270 step=88600 lr=2.00e-04 lam_cyc=10.00 loss_G=2.2197 adv=0.3890 cyc=0.1439 idt=0.1567 D_A=0.2414 D_B=0.2746 gnG=8.493 gnD=12.416 elapsed=139.8m e
[2026-10-01 21:34:15] V2_CONTINUE: [V2_CONTINUE] epoch=92/270 step=92200 lr=2.00e-04 lam_cyc=10.00 loss_G=2.8263 adv=0.5324 cyc=0.1867 idt=0.1709 D_A=0.1913 D_B=0.1274 gnG=9.297 gnD=10.385 elapsed=145.0m e
[2026-10-01 21:39:15] V2_CONTINUE: [V2_CONTINUE] epoch=95/270 step=95600 lr=2.00e-04 lam_cyc=10.00 loss_G=3.6871 adv=1.3841 cyc=0.1900 idt=0.1611 D_A=0.1351 D_B=0.0914 gnG=13.189 gnD=5.693 elapsed=150.0m e
[2026-10-01 21:44:15] V2_CONTINUE: [V2_CONTINUE] epoch=98/270 step=98000 lr=2.00e-04 lam_cyc=10.00 loss_G=3.9026 adv=1.3857 cyc=0.1994 idt=0.2093 D_A=0.0716 D_B=0.0392 gnG=16.357 gnD=7.408 elapsed=154.8m e
    [V2_CONTINUE] epoch=97 select_score=51.245 (FID 102.08: photo->Monet 98.55, Monet->photo 105.62; MiFID 0.4069) raw_raw=53.056 ema_ema=51.245 [ema_ema, 600 held-out photos, 83s] best=51.245@epoch97(ema
[2026-10-01 21:49:15] V2_CONTINUE: [V2_CONTINUE] epoch=101/270 step=101600 lr=2.00e-04 lam_cyc=10.00 loss_G=3.2898 adv=1.1989 cyc=0.1681 idt=0.1639 D_A=0.1432 D_B=0.0537 gnG=5.814 gnD=10.105 elapsed=160.0m
    [V2_CONTINUE] epoch=97 select_score=51.245 (FID 102.08: photo->Monet 98.55, Monet->photo 105.62; MiFID 0.4069) raw_raw=53.056 ema_ema=51.245 [ema_ema, 600 held-out photos, 83s] best=51.245@epoch97(ema
[2026-10-01 21:54:15] V2_CONTINUE: [V2_CONTINUE] epoch=105/270 step=105000 lr=2.00e-04 lam_cyc=10.00 loss_G=3.4770 adv=1.2674 cyc=0.1806 idt=0.1615 D_A=0.1816 D_B=0.1593 gnG=12.775 gnD=8.252 elapsed=165.0m
    [V2_CONTINUE] epoch=97 select_score=51.245 (FID 102.08: photo->Monet 98.55, Monet->photo 105.62; MiFID 0.4069) raw_raw=53.056 ema_ema=51.245 [ema_ema, 600 held-out photos, 83s] best=51.245@epoch97(ema
[2026-10-01 21:59:15] V2_CONTINUE: [V2_CONTINUE] epoch=108/270 step=108400 lr=2.00e-04 lam_cyc=10.00 loss_G=3.4049 adv=1.3248 cyc=0.1645 idt=0.1739 D_A=0.1381 D_B=0.0510 gnG=12.674 gnD=10.369 elapsed=170.0
[2026-10-01 22:04:16] V2_CONTINUE: [V2_CONTINUE] epoch=111/270 step=111800 lr=1.96e-04 lam_cyc=10.00 loss_G=2.9927 adv=0.7685 cyc=0.1798 idt=0.1705 D_A=0.0433 D_B=0.0668 gnG=12.578 gnD=5.740 elapsed=174.9m
[2026-10-01 22:09:16] V2_CONTINUE: [V2_CONTINUE] epoch=115/270 step=115200 lr=1.91e-04 lam_cyc=10.00 loss_G=3.3153 adv=0.8589 cyc=0.2015 idt=0.1767 D_A=0.0761 D_B=0.1468 gnG=11.166 gnD=9.593 elapsed=179.9m
[2026-10-01 22:14:16] V2_CONTINUE: [V2_CONTINUE] epoch=118/270 step=118600 lr=1.88e-04 lam_cyc=10.00 loss_G=3.3160 adv=1.1448 cyc=0.1700 idt=0.1886 D_A=0.1141 D_B=0.0786 gnG=11.599 gnD=5.523 elapsed=184.9m
[2026-10-01 22:19:16] V2_CONTINUE: [V2_CONTINUE] epoch=122/270 step=122000 lr=1.83e-04 lam_cyc=10.00 loss_G=3.4214 adv=0.7940 cyc=0.2087 idt=0.2162 D_A=0.0702 D_B=0.1323 gnG=7.491 gnD=9.809 elapsed=189.8m 
[2026-10-01 22:24:16] V2_CONTINUE: [V2_CONTINUE] epoch=125/270 step=125600 lr=1.79e-04 lam_cyc=10.00 loss_G=3.5426 adv=1.1040 cyc=0.1971 idt=0.1869 D_A=0.2400 D_B=0.0511 gnG=8.245 gnD=15.725 elapsed=195.0m
[2026-10-01 22:29:16] V2_CONTINUE: [V2_CONTINUE] epoch=129/270 step=129000 lr=1.74e-04 lam_cyc=10.00 loss_G=2.3283 adv=0.8444 cyc=0.1195 idt=0.1158 D_A=0.1045 D_B=0.1815 gnG=6.213 gnD=10.881 elapsed=200.0m
[2026-10-01 22:34:17] V2_CONTINUE: [V2_CONTINUE] epoch=132/270 step=132400 lr=1.70e-04 lam_cyc=10.00 loss_G=3.3381 adv=1.2622 cyc=0.1556 idt=0.2077 D_A=0.0432 D_B=0.0647 gnG=8.523 gnD=7.236 elapsed=204.9m 
[2026-10-01 22:39:17] V2_CONTINUE: [V2_CONTINUE] epoch=134/270 step=134800 lr=1.68e-04 lam_cyc=10.00 loss_G=4.1818 adv=1.9961 cyc=0.1680 idt=0.2024 D_A=0.1137 D_B=0.0538 gnG=22.254 gnD=7.593 elapsed=209.8m
    [V2_CONTINUE] epoch=132 select_score=50.408 (FID 100.41: photo->Monet 97.40, Monet->photo 103.41; MiFID 0.4089) raw_raw=51.721 ema_ema=50.408 [ema_ema, 600 held-out photos, 87s] best=50.408@epoch132(e
[2026-10-01 22:44:17] V2_CONTINUE: [V2_CONTINUE] epoch=138/270 step=138200 lr=1.63e-04 lam_cyc=10.00 loss_G=3.2282 adv=1.6014 cyc=0.1332 idt=0.1178 D_A=0.0639 D_B=0.1663 gnG=9.756 gnD=7.833 elapsed=214.8m 
    [V2_CONTINUE] epoch=132 select_score=50.408 (FID 100.41: photo->Monet 97.40, Monet->photo 103.41; MiFID 0.4089) raw_raw=51.721 ema_ema=50.408 [ema_ema, 600 held-out photos, 87s] best=50.408@epoch132(e
[2026-10-01 22:49:17] V2_CONTINUE: [V2_CONTINUE] epoch=141/270 step=141800 lr=1.59e-04 lam_cyc=10.00 loss_G=4.4728 adv=1.8822 cyc=0.2094 idt=0.1988 D_A=0.0467 D_B=0.0368 gnG=16.536 gnD=6.722 elapsed=220.0m
[2026-10-01 22:54:17] V2_CONTINUE: [V2_CONTINUE] epoch=145/270 step=145200 lr=1.54e-04 lam_cyc=10.00 loss_G=3.6173 adv=1.4578 cyc=0.1727 idt=0.1730 D_A=0.0443 D_B=0.0578 gnG=15.169 gnD=3.917 elapsed=225.0m
[2026-10-01 22:59:17] V2_CONTINUE: [V2_CONTINUE] epoch=148/270 step=148600 lr=1.51e-04 lam_cyc=10.00 loss_G=2.5845 adv=0.9563 cyc=0.1341 idt=0.1150 D_A=0.2914 D_B=0.0414 gnG=8.914 gnD=12.381 elapsed=229.9m
[2026-10-01 23:04:17] V2_CONTINUE: [V2_CONTINUE] epoch=152/270 step=152000 lr=1.46e-04 lam_cyc=10.00 loss_G=3.7991 adv=1.1439 cyc=0.2119 idt=0.2144 D_A=0.0513 D_B=0.0653 gnG=11.376 gnD=4.839 elapsed=234.9m
[2026-10-01 23:09:18] V2_CONTINUE: [V2_CONTINUE] epoch=155/270 step=155400 lr=1.42e-04 lam_cyc=10.00 loss_G=4.0414 adv=1.4815 cyc=0.1944 idt=0.2465 D_A=0.0678 D_B=0.0529 gnG=16.863 gnD=6.314 elapsed=239.9m
[2026-10-01 23:14:18] V2_CONTINUE: [V2_CONTINUE] epoch=159/270 step=159000 lr=1.37e-04 lam_cyc=10.00 loss_G=3.3678 adv=0.9629 cyc=0.1937 idt=0.1870 D_A=0.0540 D_B=0.1011 gnG=9.177 gnD=8.865 elapsed=245.1m 
[2026-10-01 23:19:18] V2_CONTINUE: [V2_CONTINUE] epoch=162/270 step=162400 lr=1.33e-04 lam_cyc=10.00 loss_G=4.9438 adv=2.2446 cyc=0.1987 idt=0.2849 D_A=0.0665 D_B=0.0328 gnG=14.354 gnD=8.438 elapsed=250.0m
[2026-10-01 23:24:18] V2_CONTINUE: [V2_CONTINUE] epoch=165/270 step=165800 lr=1.30e-04 lam_cyc=10.00 loss_G=2.8750 adv=0.5813 cyc=0.1861 idt=0.1729 D_A=0.0650 D_B=0.1492 gnG=7.942 gnD=9.799 elapsed=255.0m 
[2026-10-01 23:29:18] V2_CONTINUE: [V2_CONTINUE] epoch=168/270 step=168400 lr=1.26e-04 lam_cyc=10.00 loss_G=3.9120 adv=1.5253 cyc=0.1889 idt=0.1989 D_A=0.0924 D_B=0.0423 gnG=9.710 gnD=4.577 elapsed=260.1m 
    [V2_CONTINUE] epoch=167 select_score=50.739 (FID 101.07: photo->Monet 96.76, Monet->photo 105.38; MiFID 0.4066) raw_raw=52.535 ema_ema=50.739 [ema_ema, 600 held-out photos, 83s] best=50.408@epoch132(e
[2026-10-01 23:34:18] V2_CONTINUE: [V2_CONTINUE] epoch=171/270 step=171800 lr=1.22e-04 lam_cyc=10.00 loss_G=4.0883 adv=1.8686 cyc=0.1786 idt=0.1734 D_A=0.1214 D_B=0.1086 gnG=14.801 gnD=9.872 elapsed=265.1m
    [V2_CONTINUE] epoch=167 select_score=50.739 (FID 101.07: photo->Monet 96.76, Monet->photo 105.38; MiFID 0.4066) raw_raw=52.535 ema_ema=50.739 [ema_ema, 600 held-out photos, 83s] best=50.408@epoch132(e
[2026-10-01 23:39:19] V2_CONTINUE: [V2_CONTINUE] epoch=175/270 step=175000 lr=1.17e-04 lam_cyc=10.00 loss_G=3.7906 adv=2.3288 cyc=0.1155 idt=0.1229 D_A=0.1639 D_B=0.0519 gnG=12.695 gnD=13.934 elapsed=269.8
    [V2_CONTINUE] epoch=167 select_score=50.739 (FID 101.07: photo->Monet 96.76, Monet->photo 105.38; MiFID 0.4066) raw_raw=52.535 ema_ema=50.739 [ema_ema, 600 held-out photos, 83s] best=50.408@epoch132(e
[2026-10-01 23:44:19] V2_CONTINUE: [V2_CONTINUE] epoch=178/270 step=178400 lr=1.14e-04 lam_cyc=10.00 loss_G=4.5226 adv=2.3194 cyc=0.1728 idt=0.1899 D_A=0.0549 D_B=0.0440 gnG=18.349 gnD=4.309 elapsed=275.0m
[2026-10-01 23:49:19] V2_CONTINUE: [V2_CONTINUE] epoch=181/270 step=181800 lr=1.10e-04 lam_cyc=10.00 loss_G=3.7199 adv=1.6906 cyc=0.1476 idt=0.2215 D_A=0.1380 D_B=0.0827 gnG=13.495 gnD=7.561 elapsed=280.0m
[2026-10-01 23:54:19] V2_CONTINUE: [V2_CONTINUE] epoch=185/270 step=185200 lr=1.05e-04 lam_cyc=10.00 loss_G=3.6639 adv=1.9288 cyc=0.1458 idt=0.1110 D_A=0.0606 D_B=0.0327 gnG=18.163 gnD=4.909 elapsed=284.9m
[2026-10-01 23:59:19] V2_CONTINUE: [V2_CONTINUE] epoch=188/270 step=188600 lr=1.01e-04 lam_cyc=10.00 loss_G=4.3991 adv=2.2606 cyc=0.1775 idt=0.1456 D_A=0.1830 D_B=0.0712 gnG=15.148 gnD=14.077 elapsed=289.9
[2026-10-02 00:04:19] V2_CONTINUE: [V2_CONTINUE] epoch=192/270 step=192000 lr=9.63e-05 lam_cyc=10.00 loss_G=4.0628 adv=1.7933 cyc=0.1817 idt=0.1812 D_A=0.0519 D_B=0.0898 gnG=13.225 gnD=8.136 elapsed=294.9m
[2026-10-02 00:09:19] V2_CONTINUE: [V2_CONTINUE] epoch=195/270 step=195600 lr=9.26e-05 lam_cyc=10.00 loss_G=2.9331 adv=0.9890 cyc=0.1588 idt=0.1424 D_A=0.0818 D_B=0.1591 gnG=9.145 gnD=9.830 elapsed=300.1m 
[2026-10-02 00:14:20] V2_CONTINUE: [V2_CONTINUE] epoch=199/270 step=199000 lr=8.77e-05 lam_cyc=10.00 loss_G=3.5207 adv=1.6351 cyc=0.1490 idt=0.1583 D_A=0.0761 D_B=0.0816 gnG=17.127 gnD=10.907 elapsed=305.1
[2026-10-02 00:19:20] V2_CONTINUE: [V2_CONTINUE] epoch=202/270 step=202400 lr=8.40e-05 lam_cyc=10.00 loss_G=3.6553 adv=1.6261 cyc=0.1672 idt=0.1429 D_A=0.0606 D_B=0.0861 gnG=21.158 gnD=13.556 elapsed=310.1
[2026-10-02 00:24:20] V2_CONTINUE: [V2_CONTINUE] epoch=204/270 step=204800 lr=8.15e-05 lam_cyc=10.00 loss_G=2.9528 adv=1.2192 cyc=0.1295 idt=0.1755 D_A=0.0289 D_B=0.0723 gnG=12.861 gnD=5.365 elapsed=314.9m
    [V2_CONTINUE] epoch=202 select_score=50.042 (FID 99.68: photo->Monet 95.13, Monet->photo 104.22; MiFID 0.4084) raw_raw=51.557 ema_ema=50.042 [ema_ema, 600 held-out photos, 84s] best=50.042@epoch202(em
[2026-10-02 00:29:20] V2_CONTINUE: [V2_CONTINUE] epoch=208/270 step=208200 lr=7.65e-05 lam_cyc=10.00 loss_G=3.7496 adv=1.4416 cyc=0.1861 idt=0.1787 D_A=0.0435 D_B=0.0838 gnG=18.785 gnD=9.008 elapsed=319.9m
    [V2_CONTINUE] epoch=202 select_score=50.042 (FID 99.68: photo->Monet 95.13, Monet->photo 104.22; MiFID 0.4084) raw_raw=51.557 ema_ema=50.042 [ema_ema, 600 held-out photos, 84s] best=50.042@epoch202(em
[2026-10-02 00:34:20] V2_CONTINUE: [V2_CONTINUE] epoch=211/270 step=211600 lr=7.28e-05 lam_cyc=10.00 loss_G=3.0778 adv=1.2609 cyc=0.1480 idt=0.1348 D_A=0.0494 D_B=0.0408 gnG=14.421 gnD=5.216 elapsed=324.9m
[2026-10-02 00:39:20] V2_CONTINUE: [V2_CONTINUE] epoch=215/270 step=215200 lr=6.79e-05 lam_cyc=10.00 loss_G=4.2893 adv=0.9654 cyc=0.2539 idt=0.3140 D_A=0.1201 D_B=0.0174 gnG=18.056 gnD=9.618 elapsed=330.1m
[2026-10-02 00:44:21] V2_CONTINUE: [V2_CONTINUE] epoch=218/270 step=218600 lr=6.42e-05 lam_cyc=10.00 loss_G=3.2068 adv=1.2558 cyc=0.1596 idt=0.1421 D_A=0.1389 D_B=0.0382 gnG=12.409 gnD=13.283 elapsed=335.1
[2026-10-02 00:49:21] V2_CONTINUE: [V2_CONTINUE] epoch=222/270 step=222000 lr=5.93e-05 lam_cyc=10.00 loss_G=3.5969 adv=1.6196 cyc=0.1604 idt=0.1495 D_A=0.0802 D_B=0.0265 gnG=19.808 gnD=11.272 elapsed=340.1
[2026-10-02 00:54:21] V2_CONTINUE: [V2_CONTINUE] epoch=225/270 step=225400 lr=5.56e-05 lam_cyc=10.00 loss_G=3.2915 adv=1.0833 cyc=0.1701 idt=0.2029 D_A=0.0414 D_B=0.0488 gnG=13.471 gnD=7.489 elapsed=345.1m
[2026-10-02 00:59:21] V2_CONTINUE: [V2_CONTINUE] epoch=228/270 step=228800 lr=5.19e-05 lam_cyc=10.00 loss_G=3.4334 adv=1.5153 cyc=0.1522 idt=0.1586 D_A=0.1052 D_B=0.0311 gnG=17.384 gnD=8.938 elapsed=350.0m
[2026-10-02 01:04:21] V2_CONTINUE: [V2_CONTINUE] epoch=232/270 step=232200 lr=4.69e-05 lam_cyc=10.00 loss_G=2.7945 adv=0.7977 cyc=0.1503 idt=0.1975 D_A=0.0532 D_B=0.0400 gnG=14.093 gnD=8.303 elapsed=355.0m
[2026-10-02 01:09:21] V2_CONTINUE: [V2_CONTINUE] epoch=235/270 step=235600 lr=4.32e-05 lam_cyc=10.00 loss_G=3.0074 adv=1.6213 cyc=0.1106 idt=0.1119 D_A=0.1366 D_B=0.0501 gnG=18.527 gnD=14.609 elapsed=359.9
[2026-10-02 01:14:21] V2_CONTINUE: [V2_CONTINUE] epoch=238/270 step=238200 lr=3.95e-05 lam_cyc=10.00 loss_G=2.6479 adv=1.2398 cyc=0.1179 idt=0.0916 D_A=0.0218 D_B=0.0200 gnG=14.243 gnD=3.601 elapsed=365.1m
    [V2_CONTINUE] epoch=237 select_score=49.358 (FID 98.31: photo->Monet 94.55, Monet->photo 102.07; MiFID 0.4063) raw_raw=49.358 ema_ema=49.677 [raw_raw, 600 held-out photos, 83s] best=49.358@epoch237(ra
[2026-10-02 01:19:22] V2_CONTINUE: [V2_CONTINUE] epoch=241/270 step=241600 lr=3.58e-05 lam_cyc=10.00 loss_G=3.2580 adv=1.7430 cyc=0.1262 idt=0.1014 D_A=0.0559 D_B=0.0189 gnG=14.443 gnD=7.157 elapsed=370.0m
    [V2_CONTINUE] epoch=237 select_score=49.358 (FID 98.31: photo->Monet 94.55, Monet->photo 102.07; MiFID 0.4063) raw_raw=49.358 ema_ema=49.677 [raw_raw, 600 held-out photos, 83s] best=49.358@epoch237(ra
[2026-10-02 01:24:22] V2_CONTINUE: [V2_CONTINUE] epoch=245/270 step=245000 lr=3.09e-05 lam_cyc=10.00 loss_G=2.7927 adv=1.1675 cyc=0.1223 idt=0.1610 D_A=0.0659 D_B=0.0406 gnG=13.876 gnD=6.439 elapsed=375.0m
    [V2_CONTINUE] epoch=237 select_score=49.358 (FID 98.31: photo->Monet 94.55, Monet->photo 102.07; MiFID 0.4063) raw_raw=49.358 ema_ema=49.677 [raw_raw, 600 held-out photos, 83s] best=49.358@epoch237(ra
[2026-10-02 01:29:22] V2_CONTINUE: [V2_CONTINUE] epoch=248/270 step=248400 lr=2.72e-05 lam_cyc=10.00 loss_G=3.5485 adv=1.7491 cyc=0.1424 idt=0.1500 D_A=0.1539 D_B=0.0250 gnG=24.256 gnD=15.172 elapsed=380.0
[2026-10-02 01:34:22] V2_CONTINUE: [V2_CONTINUE] epoch=251/270 step=251800 lr=2.35e-05 lam_cyc=10.00 loss_G=4.1436 adv=2.3764 cyc=0.1435 idt=0.1331 D_A=0.0284 D_B=0.0645 gnG=28.940 gnD=5.407 elapsed=384.9m
[2026-10-02 01:39:22] V2_CONTINUE: [V2_CONTINUE] epoch=255/270 step=255400 lr=1.85e-05 lam_cyc=10.00 loss_G=2.7015 adv=0.9859 cyc=0.1337 idt=0.1516 D_A=0.1785 D_B=0.0554 gnG=11.182 gnD=19.479 elapsed=390.2
[2026-10-02 01:44:22] V2_CONTINUE: [V2_CONTINUE] epoch=258/270 step=258800 lr=1.48e-05 lam_cyc=10.00 loss_G=3.7780 adv=1.6843 cyc=0.1715 idt=0.1515 D_A=0.1119 D_B=0.0171 gnG=19.445 gnD=12.179 elapsed=395.1
[2026-10-02 01:49:23] V2_CONTINUE: [V2_CONTINUE] epoch=262/270 step=262200 lr=9.88e-06 lam_cyc=10.00 loss_G=3.3287 adv=1.4440 cyc=0.1549 idt=0.1344 D_A=0.0511 D_B=0.0241 gnG=10.842 gnD=5.386 elapsed=400.1m
[2026-10-02 01:54:23] V2_CONTINUE: [V2_CONTINUE] epoch=265/270 step=265600 lr=6.17e-06 lam_cyc=10.00 loss_G=3.9184 adv=1.9187 cyc=0.1590 idt=0.1639 D_A=0.0581 D_B=0.0711 gnG=50.403 gnD=6.345 elapsed=405.0m
[2026-10-02 01:59:23] V2_CONTINUE: [V2_CONTINUE] epoch=269/270 step=269000 lr=1.23e-06 lam_cyc=10.00 loss_G=4.3549 adv=1.6348 cyc=0.2138 idt=0.2329 D_A=0.1035 D_B=0.0568 gnG=13.090 gnD=8.459 elapsed=410.0m
[2026-10-02 02:02:23] V2_CONTINUE: finished
[2026-10-02 11:37:29] === Task 3 final run | GPU: NVIDIA GeForce RTX 4090 (24 GB) | budget 2.00 h (training 1.67 h) | variants: V2_CONTINUE ===
[2026-10-02 11:37:29] V2_CONTINUE: already finished, skipping
[2026-10-02 11:38:22] === Task 3 final run | GPU: NVIDIA GeForce RTX 4090 (24 GB) | budget 2.00 h (training 1.67 h) | variants: V2_CONTINUE ===
[2026-10-02 11:38:22] V2_CONTINUE: already finished, skipping
[2026-10-02 11:38:22] V2_CONTINUE: best held-out score 49.267, FID 98.13 (epoch 269, raw_raw), 270000 steps in 6.88 h
[2026-10-02 11:38:22] WINNER: V2_CONTINUE -> promoted to checkpoints/ and logs/train_raw.log
[2026-10-02 11:38:22] evaluate: C:\Program Files\Python39\python.exe src/evaluate.py --config config.yaml
[2026-10-02 11:39:07] evaluate ok (45s)
[2026-10-02 11:39:07] translate: C:\Program Files\Python39\python.exe src/translate.py --config config.yaml --input ../data/photo_jpg --output outputs\pred_B2A --flat
[2026-10-02 11:40:05] translate ok (57s)
[2026-10-02 11:40:05] score: C:\Program Files\Python39\python.exe evaluate_local.py --real_monet ../data/monet_jpg --real_photo ../data/photo_jpg --pred_dir outputs --out submission.csv
[2026-10-02 11:40:19] score ok (14s)
[2026-10-02 11:40:19] SUBMISSION submission.csv (instructor's script): FID 101.963 (photo->Monet 97.02, Monet->photo 106.91)  MiFID 0.4082  -> leaderboard score -51.1856 (NOT submitted)
[2026-10-02 11:40:19] audit_prepare: C:\Program Files\Python39\python.exe src/human_audit.py prepare --config config.yaml
[2026-10-02 11:40:24] audit_prepare ok (5s)
[2026-10-02 11:40:24] export: C:\Program Files\Python39\python.exe ..\..\tools\export_reports.py --member sivasurya_chandran --task task3
[2026-10-02 11:40:24] export ok (0s)
[2026-10-02 11:40:24] === ALL DONE ===
