2026-09-29 18:24:38,131 hardware={'device': 'mps', 'cpu': 'arm', 'platform': 'macOS-26.6-arm64-arm-64bit', 'cpu_count': 10, 'gpu': 'Apple Silicon (MPS)'}
2026-09-29 18:24:39,063 [baseline] config={"type": "bag", "embed_dim": 128, "hidden_dim": 128, "dropout": 0.3, "lr": 0.002} params=6416770
2026-09-29 18:25:14,425 [baseline] epoch=0 train_loss=0.2336 val_acc=0.9279 val_macro_f1=0.9279
2026-09-29 18:25:48,536 [baseline] epoch=1 train_loss=0.1862 val_acc=0.9293 val_macro_f1=0.9293
2026-09-29 18:26:22,820 [baseline] epoch=2 train_loss=0.1740 val_acc=0.9302 val_macro_f1=0.9302
2026-09-29 18:26:56,584 [baseline] epoch=3 train_loss=0.1673 val_acc=0.9302 val_macro_f1=0.9302
2026-09-29 18:27:32,424 [baseline] epoch=4 train_loss=0.1614 val_acc=0.9300 val_macro_f1=0.9300
2026-09-29 18:27:32,425 [baseline] early stop at epoch 4
2026-09-29 18:27:35,818 [baseline] test={"n": 38000, "accuracy": 0.9332368421052631, "precision_macro": 0.933237112128394, "recall_macro": 0.9332368421052631, "f1_macro": 0.9332368317024149, "precision_micro": 0.9332368421052631, "recall_micro": 0.9332368421052631, "f1_micro": 0.9332368421052631, "precision_weighted": 0.9332371121283941, "recall_weighted": 0.9332368421052631, "f1_weighted": 0.9332368317024149, "confusion_matrix": [[17739, 1261], [1276, 17724]], "roc_auc": 0.9811864141274237, "pr_auc": 0.9815629840236237, "mcc": 0.8664739542336151, "brier_score": 0.050344871318130875, "ece": 0.008160030203430249, "error_rate": 0.06676315789473686, "accuracy_ci95": [0.930921052631579, 0.9358690789473684], "macro_f1_ci95": [0.9309209271789292, 0.9358689820955971], "mcc_ci95": [0.8618443163569325, 0.8717430549446907], "type": "bag", "hyperparameters": {"type": "bag", "embed_dim": 128, "hidden_dim": 128, "dropout": 0.3, "lr": 0.002}, "checkpoint": "checkpoints/baseline.pt", "param_count": 6416770, "training_time_sec": 173.36142992973328, "train_examples_per_sec": 14535.499626539548, "peak_memory_mb": 2810.28125, "best_val_macro_f1": 0.9302282960631612, "inference_examples_per_sec": 105134.40782903407, "hardware": {"device": "mps", "cpu": "arm", "platform": "macOS-26.6-arm64-arm-64bit", "cpu_count": 10, "gpu": "Apple Silicon (MPS)"}}
2026-09-29 18:27:35,891 [experimental_1] config={"type": "cnn", "embed_dim": 128, "num_filters": 128, "kernel_sizes": [3, 4, 5], "dropout": 0.5, "lr": 0.001} params=6597762
2026-09-29 18:29:59,040 [experimental_1] epoch=0 train_loss=0.2450 val_acc=0.9387 val_macro_f1=0.9387
2026-09-29 18:32:42,660 [experimental_1] epoch=1 train_loss=0.1677 val_acc=0.9420 val_macro_f1=0.9420
2026-09-29 18:35:19,353 [experimental_1] epoch=2 train_loss=0.1425 val_acc=0.9452 val_macro_f1=0.9452
2026-09-29 18:38:05,384 [experimental_1] epoch=3 train_loss=0.1254 val_acc=0.9455 val_macro_f1=0.9455
2026-09-29 18:40:46,380 [experimental_1] epoch=4 train_loss=0.1125 val_acc=0.9462 val_macro_f1=0.9462
2026-09-29 18:40:53,962 [experimental_1] test={"n": 38000, "accuracy": 0.9501842105263157, "precision_macro": 0.9501974408439056, "recall_macro": 0.9501842105263159, "f1_macro": 0.9501838445293674, "precision_micro": 0.9501842105263157, "recall_micro": 0.9501842105263157, "f1_micro": 0.9501842105263157, "precision_weighted": 0.9501974408439057, "recall_weighted": 0.9501842105263157, "f1_weighted": 0.9501838445293674, "confusion_matrix": [[18002, 998], [895, 18105]], "roc_auc": 0.9883445720221605, "pr_auc": 0.9882154944018023, "mcc": 0.9003816512730175, "brier_score": 0.038401674445880475, "ece": 0.010474309805192433, "error_rate": 0.04981578947368426, "accuracy_ci95": [0.9478677631578948, 0.9523157894736842], "macro_f1_ci95": [0.9478665164974016, 0.9523052191382071], "mcc_ci95": [0.8957393953832637, 0.9046367925464734], "type": "cnn", "hyperparameters": {"type": "cnn", "embed_dim": 128, "num_filters": 128, "kernel_sizes": [3, 4, 5], "dropout": 0.5, "lr": 0.001}, "checkpoint": "checkpoints/experimental_1.pt", "param_count": 6597762, "training_time_sec": 790.5146877765656, "train_examples_per_sec": 3187.663732204093, "peak_memory_mb": 2827.515625, "best_val_macro_f1": 0.9462279935655811, "inference_examples_per_sec": 8354.313980809513, "hardware": {"device": "mps", "cpu": "arm", "platform": "macOS-26.6-arm64-arm-64bit", "cpu_count": 10, "gpu": "Apple Silicon (MPS)"}}
2026-09-29 18:40:54,039 [experimental_2] config={"type": "bilstm", "embed_dim": 128, "hidden_dim": 128, "num_layers": 1, "dropout": 0.3, "lr": 0.001} params=6697730
2026-09-29 19:16:24,977 [experimental_2] epoch=0 train_loss=0.1962 val_acc=0.9454 val_macro_f1=0.9454
2026-09-29 19:53:10,942 [experimental_2] epoch=1 train_loss=0.1366 val_acc=0.9495 val_macro_f1=0.9495
2026-09-29 22:45:27,902 [experimental_2] epoch=2 train_loss=0.1191 val_acc=0.9528 val_macro_f1=0.9528
2026-09-29 23:20:42,281 [experimental_2] epoch=3 train_loss=0.1080 val_acc=0.9547 val_macro_f1=0.9547
2026-09-29 23:59:06,309 [experimental_2] epoch=4 train_loss=0.0994 val_acc=0.9541 val_macro_f1=0.9541
2026-09-29 23:59:22,185 [experimental_2] test={"n": 38000, "accuracy": 0.9580526315789474, "precision_macro": 0.9580528802724779, "recall_macro": 0.9580526315789474, "f1_macro": 0.9580526258852595, "precision_micro": 0.9580526315789474, "recall_micro": 0.9580526315789474, "f1_micro": 0.9580526315789474, "precision_weighted": 0.9580528802724779, "recall_weighted": 0.9580526315789474, "f1_weighted": 0.9580526258852593, "confusion_matrix": [[18196, 804], [790, 18210]], "roc_auc": 0.9920803836565096, "pr_auc": 0.9922558906019683, "mcc": 0.9161055118513916, "brier_score": 0.03233722079685427, "ece": 0.012400201604554491, "error_rate": 0.04194736842105262, "accuracy_ci95": [0.9560256578947369, 0.9601059210526315], "macro_f1_ci95": [0.9560253784170959, 0.9601056781388531], "mcc_ci95": [0.912051130079785, 0.9202146444818178], "type": "bilstm", "hyperparameters": {"type": "bilstm", "embed_dim": 128, "hidden_dim": 128, "num_layers": 1, "dropout": 0.3, "lr": 0.001}, "checkpoint": "checkpoints/experimental_2.pt", "param_count": 6697730, "training_time_sec": 19092.270952939987, "train_examples_per_sec": 131.98508476080292, "peak_memory_mb": 4005.796875, "best_val_macro_f1": 0.9546580973422887, "inference_examples_per_sec": 2959.1016814574823, "hardware": {"device": "mps", "cpu": "arm", "platform": "macOS-26.6-arm64-arm-64bit", "cpu_count": 10, "gpu": "Apple Silicon (MPS)"}}
