[2026-10-01 16:56:13] === Task 3 final run | GPU: NVIDIA GeForce RTX 4090 (24 GB) | budget 15.00 h (training 14.67 h) | variants: A_base, C_msD_cycdecay ===
[2026-10-01 16:56:13] A_base: started (pid 15228)
[2026-10-01 16:56:18] C_msD_cycdecay: started (pid 30164)
[2026-10-01 16:56:23] A_base: 
[2026-10-01 16:56:23] C_msD_cycdecay: 
[2026-10-01 17:01:24] A_base: [A_base] epoch=1/336 step=1600 lr=2.00e-04 lam_cyc=10.00 loss_G=10.7143 adv=1.3058 cyc=0.7778 idt=0.6522 D_A=0.2154 D_B=0.1457 gnG=41.407 gnD=22.243 elapsed=4.7m eta=976.
    [A_base] budget 14.67 h: epoch 0 took 146s (0.146 s/step), one FID check 57s -> 336 epochs x 1000 steps, LR decay from epoch 134, FID checks from epoch 34 every 16
[2026-10-01 17:01:24] C_msD_cycdecay: [C_msD_cycdecay] epoch=1/291 step=1400 lr=2.00e-04 lam_cyc=9.98 loss_G=6.2525 adv=0.7979 cyc=0.4593 idt=0.3501 D_A=0.2840 D_B=0.1588 gnG=42.310 gnD=13.337 elapsed=4.8m et
    [C_msD_cycdecay] budget 14.67 h: epoch 0 took 168s (0.168 s/step), one FID check 56s -> 291 epochs x 1000 steps, LR decay from epoch 116, FID checks from epoch 30 every 14
[2026-10-01 17:06:24] A_base: [A_base] epoch=3/336 step=3800 lr=2.00e-04 lam_cyc=10.00 loss_G=6.6851 adv=0.4085 cyc=0.4864 idt=0.5648 D_A=0.1540 D_B=0.0913 gnG=30.416 gnD=8.258 elapsed=9.7m eta=851.1m
    [A_base] budget 14.67 h: epoch 0 took 146s (0.146 s/step), one FID check 57s -> 336 epochs x 1000 steps, LR decay from epoch 134, FID checks from epoch 34 every 16
[2026-10-01 17:06:24] C_msD_cycdecay: [C_msD_cycdecay] epoch=3/291 step=3200 lr=2.00e-04 lam_cyc=9.93 loss_G=6.9978 adv=1.2130 cyc=0.4653 idt=0.4696 D_A=0.1902 D_B=0.2708 gnG=41.601 gnD=20.237 elapsed=9.7m et
    [C_msD_cycdecay] budget 14.67 h: epoch 0 took 168s (0.168 s/step), one FID check 56s -> 291 epochs x 1000 steps, LR decay from epoch 116, FID checks from epoch 30 every 14
[2026-10-01 17:11:24] A_base: [A_base] epoch=6/336 step=6000 lr=2.00e-04 lam_cyc=10.00 loss_G=9.0124 adv=0.6668 cyc=0.6731 idt=0.6458 D_A=0.1618 D_B=0.0977 gnG=24.761 gnD=21.111 elapsed=14.9m eta=819.
    [A_base] budget 14.67 h: epoch 0 took 146s (0.146 s/step), one FID check 57s -> 336 epochs x 1000 steps, LR decay from epoch 134, FID checks from epoch 34 every 16
[2026-10-01 17:11:24] C_msD_cycdecay: [C_msD_cycdecay] epoch=5/291 step=5000 lr=2.00e-04 lam_cyc=9.88 loss_G=5.5268 adv=0.6701 cyc=0.3985 idt=0.3723 D_A=0.0726 D_B=0.1753 gnG=25.211 gnD=7.612 elapsed=14.5m et
    [C_msD_cycdecay] budget 14.67 h: epoch 0 took 168s (0.168 s/step), one FID check 56s -> 291 epochs x 1000 steps, LR decay from epoch 116, FID checks from epoch 30 every 14
[2026-10-01 17:16:24] A_base: [A_base] epoch=8/336 step=8000 lr=2.00e-04 lam_cyc=10.00 loss_G=6.9380 adv=0.8747 cyc=0.4748 idt=0.5263 D_A=0.3529 D_B=0.0392 gnG=26.774 gnD=13.600 elapsed=19.7m eta=805.
    [A_base] budget 14.67 h: epoch 0 took 146s (0.146 s/step), one FID check 57s -> 336 epochs x 1000 steps, LR decay from epoch 134, FID checks from epoch 34 every 16
[2026-10-01 17:16:24] C_msD_cycdecay: [C_msD_cycdecay] epoch=6/291 step=6800 lr=2.00e-04 lam_cyc=9.86 loss_G=5.3064 adv=0.5064 cyc=0.3815 idt=0.4221 D_A=0.1525 D_B=0.1445 gnG=30.430 gnD=13.068 elapsed=19.5m e
    [C_msD_cycdecay] budget 14.67 h: epoch 0 took 168s (0.168 s/step), one FID check 56s -> 291 epochs x 1000 steps, LR decay from epoch 116, FID checks from epoch 30 every 14
