2026-09-30 02:08:30,992 config={"data": {"dataset_name": "roneneldan/TinyStories", "local_dataset_dir": "../data/tinystories", "data_dir": "data_processed", "train_size": 100000, "val_size": 10000, "block_size": 128, "seed": 1337}, "model": {"vocab_size": null, "n_embd": 256, "n_head": 8, "n_layer": 6, "dropout": 0.1}, "train": {"batch_size": 64, "epochs": 10, "lr": 0.0003, "warmup_steps": 500, "weight_decay": 0.01, "grad_clip": 1.0, "amp": true, "eval_interval": 500, "eval_iters": 50, "final_eval_iters": 200, "device": "auto", "out_dir": "checkpoints", "log_file": "logs/train_raw.log"}, "generate": {"max_new_tokens": 300, "temperature": 0.8, "top_k": null}}
2026-09-30 02:08:31,019 hardware={'device': 'cuda', 'cpu': 'x86_64', 'platform': 'Linux-6.6.122+-x86_64-with-glibc2.39', 'cpu_count': 2, 'gpu': 'Tesla T4'}
2026-09-30 02:08:31,630 param_count=4827648 vocab_size=109 device=cuda
2026-09-30 02:08:31,630 amp_fp16=True
2026-09-30 02:08:37,485 steps_per_epoch=10964 total_steps=109640
2026-09-30 02:08:40,747 epoch=0 step=0/109640 lr=6.00e-07 batch_loss=4.7399 train_loss=4.7276 val_loss=4.7271 grad_norm=7.705 elapsed=0.1m eta=5958.2m
2026-09-30 02:09:09,165 epoch=0 step=500/109640 lr=3.00e-04 batch_loss=1.9456 train_loss=1.8530 val_loss=1.8530 grad_norm=0.919 elapsed=0.5m eta=115.0m
2026-09-30 02:09:38,454 epoch=0 step=1000/109640 lr=3.00e-04 batch_loss=1.3829 train_loss=1.3033 val_loss=1.2972 grad_norm=0.888 elapsed=1.0m eta=110.3m
2026-09-30 02:10:08,737 epoch=0 step=1500/109640 lr=3.00e-04 batch_loss=1.1969 train_loss=1.1270 val_loss=1.1263 grad_norm=0.842 elapsed=1.5m eta=109.6m
2026-09-30 02:10:39,567 epoch=0 step=2000/109640 lr=3.00e-04 batch_loss=1.0756 train_loss=1.0301 val_loss=1.0262 grad_norm=0.671 elapsed=2.0m eta=109.5m
2026-09-30 02:11:09,868 epoch=0 step=2500/109640 lr=3.00e-04 batch_loss=1.0231 train_loss=0.9752 val_loss=0.9751 grad_norm=0.661 elapsed=2.5m eta=108.8m
2026-09-30 02:11:40,436 epoch=0 step=3000/109640 lr=3.00e-04 batch_loss=0.9713 train_loss=0.9212 val_loss=0.9277 grad_norm=0.601 elapsed=3.0m eta=108.4m
2026-09-30 02:12:10,976 epoch=0 step=3500/109640 lr=2.99e-04 batch_loss=0.9573 train_loss=0.9006 val_loss=0.9057 grad_norm=0.585 elapsed=3.6m eta=107.9m
2026-09-30 02:12:41,476 epoch=0 step=4000/109640 lr=2.99e-04 batch_loss=0.9660 train_loss=0.8840 val_loss=0.8728 grad_norm=0.550 elapsed=4.1m eta=107.4m
2026-09-30 02:13:11,909 epoch=0 step=4500/109640 lr=2.99e-04 batch_loss=0.9380 train_loss=0.8601 val_loss=0.8599 grad_norm=0.542 elapsed=4.6m eta=106.8m
2026-09-30 02:13:42,358 epoch=0 step=5000/109640 lr=2.99e-04 batch_loss=0.8922 train_loss=0.8467 val_loss=0.8535 grad_norm=0.540 elapsed=5.1m eta=106.3m
2026-09-30 02:14:12,890 epoch=0 step=5500/109640 lr=2.99e-04 batch_loss=0.8759 train_loss=0.8398 val_loss=0.8465 grad_norm=0.515 elapsed=5.6m eta=105.8m
2026-09-30 02:14:43,428 epoch=0 step=6000/109640 lr=2.98e-04 batch_loss=0.8694 train_loss=0.8234 val_loss=0.8298 grad_norm=0.474 elapsed=6.1m eta=105.3m
2026-09-30 02:15:14,076 epoch=0 step=6500/109640 lr=2.98e-04 batch_loss=0.8693 train_loss=0.8147 val_loss=0.8181 grad_norm=0.478 elapsed=6.6m eta=104.9m
2026-09-30 02:15:44,575 epoch=0 step=7000/109640 lr=2.98e-04 batch_loss=0.8614 train_loss=0.8085 val_loss=0.8121 grad_norm=0.458 elapsed=7.1m eta=104.4m
2026-09-30 02:16:15,034 epoch=0 step=7500/109640 lr=2.97e-04 batch_loss=0.8274 train_loss=0.8001 val_loss=0.8063 grad_norm=0.438 elapsed=7.6m eta=103.8m
2026-09-30 02:16:45,521 epoch=0 step=8000/109640 lr=2.97e-04 batch_loss=0.8130 train_loss=0.7911 val_loss=0.7952 grad_norm=0.440 elapsed=8.1m eta=103.3m
2026-09-30 02:17:16,083 epoch=0 step=8500/109640 lr=2.96e-04 batch_loss=0.8339 train_loss=0.7868 val_loss=0.7892 grad_norm=0.439 elapsed=8.6m eta=102.8m
2026-09-30 02:17:46,504 epoch=0 step=9000/109640 lr=2.96e-04 batch_loss=0.8377 train_loss=0.7799 val_loss=0.7827 grad_norm=0.431 elapsed=9.2m eta=102.3m
2026-09-30 02:18:16,956 epoch=0 step=9500/109640 lr=2.95e-04 batch_loss=0.8003 train_loss=0.7742 val_loss=0.7795 grad_norm=0.404 elapsed=9.7m eta=101.8m
2026-09-30 02:18:47,399 epoch=0 step=10000/109640 lr=2.95e-04 batch_loss=0.7999 train_loss=0.7688 val_loss=0.7733 grad_norm=0.410 elapsed=10.2m eta=101.3m
2026-09-30 02:19:17,906 epoch=0 step=10500/109640 lr=2.94e-04 batch_loss=0.7668 train_loss=0.7642 val_loss=0.7717 grad_norm=0.381 elapsed=10.7m eta=100.8m
2026-09-30 02:19:44,455 epoch=0 done, train_state saved
2026-09-30 02:19:48,518 epoch=1 step=11000/109640 lr=2.94e-04 batch_loss=0.7915 train_loss=0.7654 val_loss=0.7669 grad_norm=0.404 elapsed=11.2m eta=100.3m
2026-09-30 02:20:19,004 epoch=1 step=11500/109640 lr=2.93e-04 batch_loss=0.7955 train_loss=0.7549 val_loss=0.7614 grad_norm=0.391 elapsed=11.7m eta=99.8m
2026-09-30 02:20:49,409 epoch=1 step=12000/109640 lr=2.93e-04 batch_loss=0.8123 train_loss=0.7544 val_loss=0.7539 grad_norm=0.388 elapsed=12.2m eta=99.2m
2026-09-30 02:21:19,897 epoch=1 step=12500/109640 lr=2.92e-04 batch_loss=0.8033 train_loss=0.7527 val_loss=0.7585 grad_norm=0.398 elapsed=12.7m eta=98.7m
2026-09-30 02:21:50,262 epoch=1 step=13000/109640 lr=2.91e-04 batch_loss=0.7606 train_loss=0.7447 val_loss=0.7517 grad_norm=0.374 elapsed=13.2m eta=98.2m
2026-09-30 02:22:20,720 epoch=1 step=13500/109640 lr=2.91e-04 batch_loss=0.7480 train_loss=0.7502 val_loss=0.7511 grad_norm=0.351 elapsed=13.7m eta=97.7m
2026-09-30 02:22:51,125 epoch=1 step=14000/109640 lr=2.90e-04 batch_loss=0.7880 train_loss=0.7404 val_loss=0.7423 grad_norm=0.371 elapsed=14.2m eta=97.2m
2026-09-30 02:23:21,636 epoch=1 step=14500/109640 lr=2.89e-04 batch_loss=0.7720 train_loss=0.7350 val_loss=0.7449 grad_norm=0.384 elapsed=14.7m eta=96.7m
2026-09-30 02:23:51,967 epoch=1 step=15000/109640 lr=2.88e-04 batch_loss=0.7434 train_loss=0.7394 val_loss=0.7441 grad_norm=0.362 elapsed=15.2m eta=96.2m
2026-09-30 02:24:22,337 epoch=1 step=15500/109640 lr=2.88e-04 batch_loss=0.7308 train_loss=0.7385 val_loss=0.7340 grad_norm=0.365 elapsed=15.7m eta=95.6m
2026-09-30 02:24:52,735 epoch=1 step=16000/109640 lr=2.87e-04 batch_loss=0.7874 train_loss=0.7316 val_loss=0.7324 grad_norm=0.375 elapsed=16.3m eta=95.1m
2026-09-30 02:25:23,193 epoch=1 step=16500/109640 lr=2.86e-04 batch_loss=0.7472 train_loss=0.7232 val_loss=0.7313 grad_norm=0.357 elapsed=16.8m eta=94.6m
2026-09-30 02:25:53,658 epoch=1 step=17000/109640 lr=2.85e-04 batch_loss=0.7701 train_loss=0.7250 val_loss=0.7310 grad_norm=0.353 elapsed=17.3m eta=94.1m
2026-09-30 02:26:24,218 epoch=1 step=17500/109640 lr=2.84e-04 batch_loss=0.7622 train_loss=0.7203 val_loss=0.7269 grad_norm=0.345 elapsed=17.8m eta=93.6m
2026-09-30 02:26:54,733 epoch=1 step=18000/109640 lr=2.83e-04 batch_loss=0.8026 train_loss=0.7226 val_loss=0.7297 grad_norm=0.359 elapsed=18.3m eta=93.1m
2026-09-30 02:27:25,101 epoch=1 step=18500/109640 lr=2.82e-04 batch_loss=0.8049 train_loss=0.7137 val_loss=0.7274 grad_norm=0.356 elapsed=18.8m eta=92.6m
2026-09-30 02:27:55,502 epoch=1 step=19000/109640 lr=2.81e-04 batch_loss=0.7356 train_loss=0.7208 val_loss=0.7239 grad_norm=0.351 elapsed=19.3m eta=92.1m
2026-09-30 02:28:25,939 epoch=1 step=19500/109640 lr=2.80e-04 batch_loss=0.7487 train_loss=0.7175 val_loss=0.7166 grad_norm=0.359 elapsed=19.8m eta=91.6m
2026-09-30 02:28:56,347 epoch=1 step=20000/109640 lr=2.79e-04 batch_loss=0.7521 train_loss=0.7191 val_loss=0.7186 grad_norm=0.351 elapsed=20.3m eta=91.0m
2026-09-30 02:29:26,673 epoch=1 step=20500/109640 lr=2.78e-04 batch_loss=0.7523 train_loss=0.7181 val_loss=0.7140 grad_norm=0.341 elapsed=20.8m eta=90.5m
2026-09-30 02:29:57,167 epoch=1 step=21000/109640 lr=2.77e-04 batch_loss=0.7533 train_loss=0.7156 val_loss=0.7243 grad_norm=0.337 elapsed=21.3m eta=90.0m
2026-09-30 02:30:27,535 epoch=1 step=21500/109640 lr=2.76e-04 batch_loss=0.7434 train_loss=0.7144 val_loss=0.7137 grad_norm=0.339 elapsed=21.8m eta=89.5m
2026-09-30 02:30:52,120 epoch=1 done, train_state saved
2026-09-30 02:30:58,260 epoch=2 step=22000/109640 lr=2.75e-04 batch_loss=0.7284 train_loss=0.7137 val_loss=0.7149 grad_norm=0.338 elapsed=22.3m eta=89.0m
2026-09-30 02:31:28,963 epoch=2 step=22500/109640 lr=2.74e-04 batch_loss=0.7522 train_loss=0.7025 val_loss=0.7087 grad_norm=0.330 elapsed=22.9m eta=88.5m
2026-09-30 02:31:59,483 epoch=2 step=23000/109640 lr=2.73e-04 batch_loss=0.7472 train_loss=0.7066 val_loss=0.7120 grad_norm=0.339 elapsed=23.4m eta=88.0m
2026-09-30 02:32:29,867 epoch=2 step=23500/109640 lr=2.71e-04 batch_loss=0.7222 train_loss=0.7041 val_loss=0.7057 grad_norm=0.333 elapsed=23.9m eta=87.5m
2026-09-30 02:33:00,354 epoch=2 step=24000/109640 lr=2.70e-04 batch_loss=0.7794 train_loss=0.7011 val_loss=0.7139 grad_norm=0.352 elapsed=24.4m eta=87.0m
2026-09-30 02:33:30,761 epoch=2 step=24500/109640 lr=2.69e-04 batch_loss=0.7501 train_loss=0.6997 val_loss=0.7078 grad_norm=0.340 elapsed=24.9m eta=86.5m
2026-09-30 02:34:01,112 epoch=2 step=25000/109640 lr=2.68e-04 batch_loss=0.7690 train_loss=0.6992 val_loss=0.7072 grad_norm=inf elapsed=25.4m eta=86.0m
2026-09-30 02:34:31,446 epoch=2 step=25500/109640 lr=2.67e-04 batch_loss=0.7077 train_loss=0.6978 val_loss=0.7075 grad_norm=0.321 elapsed=25.9m eta=85.5m
2026-09-30 02:35:01,790 epoch=2 step=26000/109640 lr=2.65e-04 batch_loss=0.7321 train_loss=0.6958 val_loss=0.7050 grad_norm=0.334 elapsed=26.4m eta=84.9m
2026-09-30 02:35:32,285 epoch=2 step=26500/109640 lr=2.64e-04 batch_loss=0.7537 train_loss=0.6945 val_loss=0.7025 grad_norm=0.332 elapsed=26.9m eta=84.4m
2026-09-30 02:36:02,772 epoch=2 step=27000/109640 lr=2.63e-04 batch_loss=0.7338 train_loss=0.6958 val_loss=0.7017 grad_norm=0.322 elapsed=27.4m eta=83.9m
2026-09-30 02:36:33,292 epoch=2 step=27500/109640 lr=2.61e-04 batch_loss=0.7351 train_loss=0.7001 val_loss=0.7027 grad_norm=0.314 elapsed=27.9m eta=83.4m
2026-09-30 02:37:03,659 epoch=2 step=28000/109640 lr=2.60e-04 batch_loss=0.7229 train_loss=0.6926 val_loss=0.6990 grad_norm=0.327 elapsed=28.4m eta=82.9m
2026-09-30 02:37:34,169 epoch=2 step=28500/109640 lr=2.58e-04 batch_loss=0.7461 train_loss=0.6929 val_loss=0.6977 grad_norm=0.338 elapsed=28.9m eta=82.4m
2026-09-30 02:38:04,593 epoch=2 step=29000/109640 lr=2.57e-04 batch_loss=0.7117 train_loss=0.6906 val_loss=0.6963 grad_norm=0.316 elapsed=29.5m eta=81.9m
2026-09-30 02:38:35,065 epoch=2 step=29500/109640 lr=2.56e-04 batch_loss=0.7371 train_loss=0.6897 val_loss=0.7007 grad_norm=0.323 elapsed=30.0m eta=81.4m
2026-09-30 02:39:05,417 epoch=2 step=30000/109640 lr=2.54e-04 batch_loss=0.7047 train_loss=0.6908 val_loss=0.6965 grad_norm=0.310 elapsed=30.5m eta=80.9m
2026-09-30 02:39:35,963 epoch=2 step=30500/109640 lr=2.53e-04 batch_loss=0.7002 train_loss=0.6907 val_loss=0.6919 grad_norm=0.306 elapsed=31.0m eta=80.4m
2026-09-30 02:40:06,617 epoch=2 step=31000/109640 lr=2.51e-04 batch_loss=0.6879 train_loss=0.6880 val_loss=0.6961 grad_norm=0.313 elapsed=31.5m eta=79.9m
2026-09-30 02:40:37,046 epoch=2 step=31500/109640 lr=2.50e-04 batch_loss=0.7179 train_loss=0.6895 val_loss=0.6875 grad_norm=0.320 elapsed=32.0m eta=79.4m
2026-09-30 02:41:07,581 epoch=2 step=32000/109640 lr=2.48e-04 batch_loss=0.7267 train_loss=0.6858 val_loss=0.6913 grad_norm=0.329 elapsed=32.5m eta=78.9m
2026-09-30 02:41:38,016 epoch=2 step=32500/109640 lr=2.47e-04 batch_loss=0.7494 train_loss=0.6911 val_loss=0.6855 grad_norm=0.324 elapsed=33.0m eta=78.3m
2026-09-30 02:42:00,684 epoch=2 done, train_state saved
2026-09-30 02:42:08,892 epoch=3 step=33000/109640 lr=2.45e-04 batch_loss=0.7340 train_loss=0.6831 val_loss=0.6959 grad_norm=0.331 elapsed=33.5m eta=77.9m
2026-09-30 02:42:39,273 epoch=3 step=33500/109640 lr=2.44e-04 batch_loss=0.7156 train_loss=0.6919 val_loss=0.6913 grad_norm=0.305 elapsed=34.0m eta=77.3m
2026-09-30 02:43:09,659 epoch=3 step=34000/109640 lr=2.42e-04 batch_loss=0.7403 train_loss=0.6787 val_loss=0.6904 grad_norm=0.307 elapsed=34.5m eta=76.8m
2026-09-30 02:43:40,003 epoch=3 step=34500/109640 lr=2.40e-04 batch_loss=0.7271 train_loss=0.6791 val_loss=0.6888 grad_norm=0.306 elapsed=35.0m eta=76.3m
2026-09-30 02:44:10,330 epoch=3 step=35000/109640 lr=2.39e-04 batch_loss=0.7258 train_loss=0.6814 val_loss=0.6832 grad_norm=0.310 elapsed=35.5m eta=75.8m
2026-09-30 02:44:40,756 epoch=3 step=35500/109640 lr=2.37e-04 batch_loss=0.7268 train_loss=0.6789 val_loss=0.6868 grad_norm=0.317 elapsed=36.1m eta=75.3m
2026-09-30 02:45:11,105 epoch=3 step=36000/109640 lr=2.35e-04 batch_loss=0.7175 train_loss=0.6844 val_loss=0.6907 grad_norm=0.311 elapsed=36.6m eta=74.8m
2026-09-30 02:45:41,420 epoch=3 step=36500/109640 lr=2.34e-04 batch_loss=0.7239 train_loss=0.6796 val_loss=0.6863 grad_norm=0.310 elapsed=37.1m eta=74.3m
2026-09-30 02:46:11,762 epoch=3 step=37000/109640 lr=2.32e-04 batch_loss=0.7404 train_loss=0.6826 val_loss=0.6852 grad_norm=0.320 elapsed=37.6m eta=73.8m
2026-09-30 02:46:42,135 epoch=3 step=37500/109640 lr=2.30e-04 batch_loss=0.7254 train_loss=0.6760 val_loss=0.6840 grad_norm=0.309 elapsed=38.1m eta=73.2m
2026-09-30 02:47:12,469 epoch=3 step=38000/109640 lr=2.29e-04 batch_loss=0.7017 train_loss=0.6715 val_loss=0.6870 grad_norm=0.311 elapsed=38.6m eta=72.7m
2026-09-30 02:47:42,796 epoch=3 step=38500/109640 lr=2.27e-04 batch_loss=0.7361 train_loss=0.6811 val_loss=0.6823 grad_norm=0.320 elapsed=39.1m eta=72.2m
2026-09-30 02:48:13,179 epoch=3 step=39000/109640 lr=2.25e-04 batch_loss=0.6963 train_loss=0.6744 val_loss=0.6812 grad_norm=0.294 elapsed=39.6m eta=71.7m
2026-09-30 02:48:43,624 epoch=3 step=39500/109640 lr=2.23e-04 batch_loss=0.6957 train_loss=0.6796 val_loss=0.6827 grad_norm=0.301 elapsed=40.1m eta=71.2m
2026-09-30 02:49:13,932 epoch=3 step=40000/109640 lr=2.22e-04 batch_loss=0.7556 train_loss=0.6728 val_loss=0.6781 grad_norm=0.313 elapsed=40.6m eta=70.7m
2026-09-30 02:49:44,321 epoch=3 step=40500/109640 lr=2.20e-04 batch_loss=0.7243 train_loss=0.6716 val_loss=0.6822 grad_norm=0.309 elapsed=41.1m eta=70.2m
2026-09-30 02:50:14,603 epoch=3 step=41000/109640 lr=2.18e-04 batch_loss=0.6922 train_loss=0.6744 val_loss=0.6771 grad_norm=0.300 elapsed=41.6m eta=69.7m
2026-09-30 02:50:45,071 epoch=3 step=41500/109640 lr=2.16e-04 batch_loss=0.7056 train_loss=0.6761 val_loss=0.6739 grad_norm=0.301 elapsed=42.1m eta=69.2m
2026-09-30 02:51:15,551 epoch=3 step=42000/109640 lr=2.15e-04 batch_loss=0.7126 train_loss=0.6735 val_loss=0.6785 grad_norm=0.301 elapsed=42.6m eta=68.7m
2026-09-30 02:51:45,858 epoch=3 step=42500/109640 lr=2.13e-04 batch_loss=0.7124 train_loss=0.6675 val_loss=0.6802 grad_norm=0.302 elapsed=43.1m eta=68.1m
2026-09-30 02:52:16,205 epoch=3 step=43000/109640 lr=2.11e-04 batch_loss=0.7038 train_loss=0.6722 val_loss=0.6751 grad_norm=0.308 elapsed=43.6m eta=67.6m
2026-09-30 02:52:46,610 epoch=3 step=43500/109640 lr=2.09e-04 batch_loss=0.7233 train_loss=0.6698 val_loss=0.6735 grad_norm=0.314 elapsed=44.2m eta=67.1m
2026-09-30 02:53:07,152 epoch=3 done, train_state saved
2026-09-30 02:53:17,376 epoch=4 step=44000/109640 lr=2.07e-04 batch_loss=0.7067 train_loss=0.6702 val_loss=0.6764 grad_norm=0.307 elapsed=44.7m eta=66.6m
2026-09-30 02:53:47,726 epoch=4 step=44500/109640 lr=2.05e-04 batch_loss=0.6978 train_loss=0.6738 val_loss=0.6767 grad_norm=0.305 elapsed=45.2m eta=66.1m
2026-09-30 02:54:18,083 epoch=4 step=45000/109640 lr=2.04e-04 batch_loss=0.6675 train_loss=0.6642 val_loss=0.6720 grad_norm=0.308 elapsed=45.7m eta=65.6m
2026-09-30 02:54:48,566 epoch=4 step=45500/109640 lr=2.02e-04 batch_loss=0.6744 train_loss=0.6663 val_loss=0.6706 grad_norm=0.299 elapsed=46.2m eta=65.1m
2026-09-30 02:55:19,050 epoch=4 step=46000/109640 lr=2.00e-04 batch_loss=0.7045 train_loss=0.6675 val_loss=0.6726 grad_norm=0.308 elapsed=46.7m eta=64.6m
2026-09-30 02:55:49,400 epoch=4 step=46500/109640 lr=1.98e-04 batch_loss=0.6754 train_loss=0.6695 val_loss=0.6731 grad_norm=0.291 elapsed=47.2m eta=64.1m
2026-09-30 02:56:19,793 epoch=4 step=47000/109640 lr=1.96e-04 batch_loss=0.7175 train_loss=0.6637 val_loss=0.6719 grad_norm=0.302 elapsed=47.7m eta=63.6m
2026-09-30 02:56:50,116 epoch=4 step=47500/109640 lr=1.94e-04 batch_loss=0.6551 train_loss=0.6649 val_loss=0.6716 grad_norm=0.296 elapsed=48.2m eta=63.1m
2026-09-30 02:57:20,435 epoch=4 step=48000/109640 lr=1.92e-04 batch_loss=0.7179 train_loss=0.6613 val_loss=0.6728 grad_norm=0.304 elapsed=48.7m eta=62.6m
2026-09-30 02:57:50,771 epoch=4 step=48500/109640 lr=1.90e-04 batch_loss=0.7065 train_loss=0.6678 val_loss=0.6678 grad_norm=0.297 elapsed=49.2m eta=62.0m
2026-09-30 02:58:21,242 epoch=4 step=49000/109640 lr=1.88e-04 batch_loss=0.7265 train_loss=0.6656 val_loss=0.6658 grad_norm=0.315 elapsed=49.7m eta=61.5m
2026-09-30 02:58:51,670 epoch=4 step=49500/109640 lr=1.87e-04 batch_loss=0.7024 train_loss=0.6567 val_loss=0.6704 grad_norm=0.292 elapsed=50.2m eta=61.0m
2026-09-30 02:59:22,009 epoch=4 step=50000/109640 lr=1.85e-04 batch_loss=0.6801 train_loss=0.6645 val_loss=0.6725 grad_norm=0.303 elapsed=50.7m eta=60.5m
2026-09-30 02:59:52,340 epoch=4 step=50500/109640 lr=1.83e-04 batch_loss=0.7038 train_loss=0.6591 val_loss=0.6632 grad_norm=0.302 elapsed=51.2m eta=60.0m
2026-09-30 03:00:22,836 epoch=4 step=51000/109640 lr=1.81e-04 batch_loss=0.6808 train_loss=0.6673 val_loss=0.6714 grad_norm=0.296 elapsed=51.8m eta=59.5m
2026-09-30 03:00:53,150 epoch=4 step=51500/109640 lr=1.79e-04 batch_loss=0.7215 train_loss=0.6597 val_loss=0.6663 grad_norm=0.309 elapsed=52.3m eta=59.0m
2026-09-30 03:01:23,483 epoch=4 step=52000/109640 lr=1.77e-04 batch_loss=0.6833 train_loss=0.6626 val_loss=0.6713 grad_norm=0.302 elapsed=52.8m eta=58.5m
2026-09-30 03:01:53,863 epoch=4 step=52500/109640 lr=1.75e-04 batch_loss=0.7358 train_loss=0.6589 val_loss=0.6630 grad_norm=0.326 elapsed=53.3m eta=58.0m
2026-09-30 03:02:24,292 epoch=4 step=53000/109640 lr=1.73e-04 batch_loss=0.7004 train_loss=0.6538 val_loss=0.6690 grad_norm=0.302 elapsed=53.8m eta=57.5m
2026-09-30 03:02:54,633 epoch=4 step=53500/109640 lr=1.71e-04 batch_loss=0.7020 train_loss=0.6586 val_loss=0.6649 grad_norm=0.298 elapsed=54.3m eta=57.0m
2026-09-30 03:03:24,964 epoch=4 step=54000/109640 lr=1.69e-04 batch_loss=0.6881 train_loss=0.6529 val_loss=0.6680 grad_norm=0.288 elapsed=54.8m eta=56.5m
2026-09-30 03:03:55,336 epoch=4 step=54500/109640 lr=1.67e-04 batch_loss=0.6826 train_loss=0.6592 val_loss=0.6693 grad_norm=0.290 elapsed=55.3m eta=55.9m
2026-09-30 03:04:13,665 epoch=4 done, train_state saved
2026-09-30 03:04:25,977 epoch=5 step=55000/109640 lr=1.65e-04 batch_loss=0.6807 train_loss=0.6596 val_loss=0.6646 grad_norm=0.297 elapsed=55.8m eta=55.4m
2026-09-30 03:04:56,315 epoch=5 step=55500/109640 lr=1.63e-04 batch_loss=0.6616 train_loss=0.6605 val_loss=0.6619 grad_norm=0.291 elapsed=56.3m eta=54.9m
2026-09-30 03:05:26,732 epoch=5 step=56000/109640 lr=1.61e-04 batch_loss=0.6731 train_loss=0.6601 val_loss=0.6654 grad_norm=0.294 elapsed=56.8m eta=54.4m
2026-09-30 03:05:57,129 epoch=5 step=56500/109640 lr=1.59e-04 batch_loss=0.7029 train_loss=0.6554 val_loss=0.6634 grad_norm=0.306 elapsed=57.3m eta=53.9m
2026-09-30 03:06:27,471 epoch=5 step=57000/109640 lr=1.58e-04 batch_loss=0.6978 train_loss=0.6569 val_loss=0.6596 grad_norm=0.307 elapsed=57.8m eta=53.4m
2026-09-30 03:06:57,875 epoch=5 step=57500/109640 lr=1.56e-04 batch_loss=0.6783 train_loss=0.6544 val_loss=0.6617 grad_norm=0.305 elapsed=58.3m eta=52.9m
2026-09-30 03:07:28,233 epoch=5 step=58000/109640 lr=1.54e-04 batch_loss=0.7003 train_loss=0.6576 val_loss=0.6620 grad_norm=0.302 elapsed=58.8m eta=52.4m
2026-09-30 03:07:58,615 epoch=5 step=58500/109640 lr=1.52e-04 batch_loss=0.6700 train_loss=0.6514 val_loss=0.6617 grad_norm=0.299 elapsed=59.4m eta=51.9m
2026-09-30 03:08:28,955 epoch=5 step=59000/109640 lr=1.50e-04 batch_loss=0.6894 train_loss=0.6547 val_loss=0.6595 grad_norm=0.290 elapsed=59.9m eta=51.4m
2026-09-30 03:08:59,413 epoch=5 step=59500/109640 lr=1.48e-04 batch_loss=0.6951 train_loss=0.6497 val_loss=0.6613 grad_norm=0.302 elapsed=60.4m eta=50.9m
2026-09-30 03:09:29,844 epoch=5 step=60000/109640 lr=1.46e-04 batch_loss=0.6946 train_loss=0.6544 val_loss=0.6596 grad_norm=0.305 elapsed=60.9m eta=50.4m
2026-09-30 03:10:00,186 epoch=5 step=60500/109640 lr=1.44e-04 batch_loss=0.7367 train_loss=0.6543 val_loss=0.6553 grad_norm=0.322 elapsed=61.4m eta=49.9m
2026-09-30 03:10:30,696 epoch=5 step=61000/109640 lr=1.42e-04 batch_loss=0.6884 train_loss=0.6535 val_loss=0.6635 grad_norm=0.303 elapsed=61.9m eta=49.3m
2026-09-30 03:11:01,013 epoch=5 step=61500/109640 lr=1.40e-04 batch_loss=0.6715 train_loss=0.6509 val_loss=0.6630 grad_norm=0.296 elapsed=62.4m eta=48.8m
2026-09-30 03:11:31,401 epoch=5 step=62000/109640 lr=1.38e-04 batch_loss=0.6890 train_loss=0.6510 val_loss=0.6601 grad_norm=0.309 elapsed=62.9m eta=48.3m
2026-09-30 03:12:01,723 epoch=5 step=62500/109640 lr=1.36e-04 batch_loss=0.6754 train_loss=0.6496 val_loss=0.6555 grad_norm=0.298 elapsed=63.4m eta=47.8m
2026-09-30 03:12:32,008 epoch=5 step=63000/109640 lr=1.34e-04 batch_loss=0.6686 train_loss=0.6486 val_loss=0.6564 grad_norm=0.289 elapsed=63.9m eta=47.3m
2026-09-30 03:13:02,361 epoch=5 step=63500/109640 lr=1.33e-04 batch_loss=0.6922 train_loss=0.6476 val_loss=0.6578 grad_norm=0.310 elapsed=64.4m eta=46.8m
2026-09-30 03:13:32,721 epoch=5 step=64000/109640 lr=1.31e-04 batch_loss=0.6798 train_loss=0.6495 val_loss=0.6548 grad_norm=0.299 elapsed=64.9m eta=46.3m
2026-09-30 03:14:03,125 epoch=5 step=64500/109640 lr=1.29e-04 batch_loss=0.6898 train_loss=0.6478 val_loss=0.6610 grad_norm=0.299 elapsed=65.4m eta=45.8m
2026-09-30 03:14:33,430 epoch=5 step=65000/109640 lr=1.27e-04 batch_loss=0.6431 train_loss=0.6555 val_loss=0.6582 grad_norm=0.287 elapsed=65.9m eta=45.3m
2026-09-30 03:15:03,778 epoch=5 step=65500/109640 lr=1.25e-04 batch_loss=0.6847 train_loss=0.6452 val_loss=0.6555 grad_norm=0.310 elapsed=66.4m eta=44.8m
2026-09-30 03:15:20,095 epoch=5 done, train_state saved
2026-09-30 03:15:34,456 epoch=6 step=66000/109640 lr=1.23e-04 batch_loss=0.6673 train_loss=0.6501 val_loss=0.6537 grad_norm=0.317 elapsed=66.9m eta=44.3m
2026-09-30 03:16:04,878 epoch=6 step=66500/109640 lr=1.21e-04 batch_loss=0.6803 train_loss=0.6503 val_loss=0.6541 grad_norm=0.304 elapsed=67.5m eta=43.8m
2026-09-30 03:16:35,268 epoch=6 step=67000/109640 lr=1.20e-04 batch_loss=0.6600 train_loss=0.6446 val_loss=0.6503 grad_norm=0.287 elapsed=68.0m eta=43.3m
2026-09-30 03:17:05,822 epoch=6 step=67500/109640 lr=1.18e-04 batch_loss=0.6365 train_loss=0.6460 val_loss=0.6556 grad_norm=0.295 elapsed=68.5m eta=42.7m
2026-09-30 05:32:48,879 config={"data": {"dataset_name": "roneneldan/TinyStories", "local_dataset_dir": "../data/tinystories", "data_dir": "data_processed", "train_size": 100000, "val_size": 10000, "block_size": 128, "seed": 1337}, "model": {"vocab_size": null, "n_embd": 256, "n_head": 8, "n_layer": 6, "dropout": 0.1}, "train": {"batch_size": 64, "epochs": 10, "lr": 0.0003, "warmup_steps": 500, "weight_decay": 0.01, "grad_clip": 1.0, "amp": true, "eval_interval": 500, "eval_iters": 50, "final_eval_iters": 200, "device": "auto", "out_dir": "checkpoints", "log_file": "logs/train_raw.log"}, "generate": {"max_new_tokens": 300, "temperature": 0.8, "top_k": null}}
2026-09-30 05:32:49,313 hardware={'device': 'cuda', 'cpu': 'x86_64', 'platform': 'Linux-6.6.122+-x86_64-with-glibc2.39', 'cpu_count': 2, 'gpu': 'Tesla T4'}
2026-09-30 05:32:53,736 param_count=4827648 vocab_size=109 device=cuda
2026-09-30 05:32:53,737 amp_fp16=True
2026-09-30 05:32:59,300 steps_per_epoch=10964 total_steps=109640
2026-09-30 05:35:08,748 config={"data": {"dataset_name": "roneneldan/TinyStories", "local_dataset_dir": "../data/tinystories", "data_dir": "data_processed", "train_size": 100000, "val_size": 10000, "block_size": 128, "seed": 1337}, "model": {"vocab_size": null, "n_embd": 256, "n_head": 8, "n_layer": 6, "dropout": 0.1}, "train": {"batch_size": 64, "epochs": 10, "lr": 0.0003, "warmup_steps": 500, "weight_decay": 0.01, "grad_clip": 1.0, "amp": true, "eval_interval": 500, "eval_iters": 50, "final_eval_iters": 200, "device": "auto", "out_dir": "checkpoints", "log_file": "logs/train_raw.log"}, "generate": {"max_new_tokens": 300, "temperature": 0.8, "top_k": null}}
2026-09-30 05:35:08,773 hardware={'device': 'cuda', 'cpu': 'x86_64', 'platform': 'Linux-6.6.122+-x86_64-with-glibc2.39', 'cpu_count': 2, 'gpu': 'Tesla T4'}
2026-09-30 05:35:09,298 param_count=4827648 vocab_size=109 device=cuda
2026-09-30 05:35:09,298 amp_fp16=True
2026-09-30 05:35:10,163 steps_per_epoch=10964 total_steps=109640
2026-09-30 05:38:11,909 config={"data": {"dataset_name": "roneneldan/TinyStories", "local_dataset_dir": "../data/tinystories", "data_dir": "data_processed", "train_size": 100000, "val_size": 10000, "block_size": 128, "seed": 1337}, "model": {"vocab_size": null, "n_embd": 256, "n_head": 8, "n_layer": 6, "dropout": 0.1}, "train": {"batch_size": 64, "epochs": 10, "lr": 0.0003, "warmup_steps": 500, "weight_decay": 0.01, "grad_clip": 1.0, "amp": true, "eval_interval": 500, "eval_iters": 50, "final_eval_iters": 200, "device": "auto", "out_dir": "checkpoints", "log_file": "logs/train_raw.log"}, "generate": {"max_new_tokens": 300, "temperature": 0.8, "top_k": null}}
2026-09-30 05:38:11,935 hardware={'device': 'cuda', 'cpu': 'x86_64', 'platform': 'Linux-6.6.122+-x86_64-with-glibc2.39', 'cpu_count': 2, 'gpu': 'Tesla T4'}
2026-09-30 05:38:12,452 param_count=4827648 vocab_size=109 device=cuda
2026-09-30 05:38:12,452 amp_fp16=True
2026-09-30 05:38:13,323 steps_per_epoch=10964 total_steps=109640
2026-09-30 05:38:13,492 resumed from checkpoints/train_state.pt at epoch=6 step=65784
2026-09-30 05:38:49,343 config={"data": {"dataset_name": "roneneldan/TinyStories", "local_dataset_dir": "../data/tinystories", "data_dir": "data_processed", "train_size": 100000, "val_size": 10000, "block_size": 128, "seed": 1337}, "model": {"vocab_size": null, "n_embd": 256, "n_head": 8, "n_layer": 6, "dropout": 0.1}, "train": {"batch_size": 64, "epochs": 10, "lr": 0.0003, "warmup_steps": 500, "weight_decay": 0.01, "grad_clip": 1.0, "amp": true, "eval_interval": 500, "eval_iters": 50, "final_eval_iters": 200, "device": "auto", "out_dir": "checkpoints", "log_file": "logs/train_raw.log"}, "generate": {"max_new_tokens": 300, "temperature": 0.8, "top_k": null}}
2026-09-30 05:38:49,369 hardware={'device': 'cuda', 'cpu': 'x86_64', 'platform': 'Linux-6.6.122+-x86_64-with-glibc2.39', 'cpu_count': 2, 'gpu': 'Tesla T4'}
2026-09-30 05:38:49,887 param_count=4827648 vocab_size=109 device=cuda
2026-09-30 05:38:49,888 amp_fp16=True
2026-09-30 05:38:50,771 steps_per_epoch=10964 total_steps=109640
2026-09-30 05:38:50,955 resumed from checkpoints/train_state.pt at epoch=6 step=65784
2026-09-30 05:39:05,461 epoch=6 step=66000/109640 lr=1.23e-04 batch_loss=0.6676 train_loss=0.6502 val_loss=0.6540 grad_norm=0.314 elapsed=66.9m eta=44.3m
2026-09-30 05:39:37,771 epoch=6 step=66500/109640 lr=1.21e-04 batch_loss=0.6811 train_loss=0.6508 val_loss=0.6542 grad_norm=0.306 elapsed=67.5m eta=43.8m
2026-09-30 05:40:09,374 epoch=6 step=67000/109640 lr=1.20e-04 batch_loss=0.6604 train_loss=0.6445 val_loss=0.6505 grad_norm=0.291 elapsed=68.0m eta=43.3m
2026-09-30 05:40:41,594 epoch=6 step=67500/109640 lr=1.18e-04 batch_loss=0.6385 train_loss=0.6464 val_loss=0.6556 grad_norm=0.296 elapsed=68.6m eta=42.8m
2026-09-30 05:41:13,183 epoch=6 step=68000/109640 lr=1.16e-04 batch_loss=0.6456 train_loss=0.6432 val_loss=0.6525 grad_norm=0.294 elapsed=69.1m eta=42.3m
2026-09-30 05:41:44,965 epoch=6 step=68500/109640 lr=1.14e-04 batch_loss=0.6837 train_loss=0.6469 val_loss=0.6515 grad_norm=0.302 elapsed=69.6m eta=41.8m
2026-09-30 05:42:16,872 epoch=6 step=69000/109640 lr=1.12e-04 batch_loss=0.6866 train_loss=0.6436 val_loss=0.6564 grad_norm=0.302 elapsed=70.1m eta=41.3m
2026-09-30 05:42:48,678 epoch=6 step=69500/109640 lr=1.11e-04 batch_loss=0.6792 train_loss=0.6423 val_loss=0.6551 grad_norm=0.306 elapsed=70.7m eta=40.8m
2026-09-30 05:43:20,509 epoch=6 step=70000/109640 lr=1.09e-04 batch_loss=0.6634 train_loss=0.6485 val_loss=0.6516 grad_norm=0.295 elapsed=71.2m eta=40.3m
2026-09-30 05:43:52,217 epoch=6 step=70500/109640 lr=1.07e-04 batch_loss=0.6633 train_loss=0.6417 val_loss=0.6478 grad_norm=0.305 elapsed=71.7m eta=39.8m
2026-09-30 05:44:24,041 epoch=6 step=71000/109640 lr=1.05e-04 batch_loss=0.6702 train_loss=0.6471 val_loss=0.6563 grad_norm=0.303 elapsed=72.3m eta=39.3m
2026-09-30 05:44:55,847 epoch=6 step=71500/109640 lr=1.04e-04 batch_loss=0.6791 train_loss=0.6484 val_loss=0.6536 grad_norm=0.304 elapsed=72.8m eta=38.8m
2026-09-30 05:45:27,657 epoch=6 step=72000/109640 lr=1.02e-04 batch_loss=0.6681 train_loss=0.6394 val_loss=0.6521 grad_norm=0.305 elapsed=73.3m eta=38.3m
2026-09-30 05:45:59,554 epoch=6 step=72500/109640 lr=1.00e-04 batch_loss=0.6963 train_loss=0.6417 val_loss=0.6540 grad_norm=0.312 elapsed=73.9m eta=37.8m
2026-09-30 05:46:31,369 epoch=6 step=73000/109640 lr=9.84e-05 batch_loss=0.6825 train_loss=0.6441 val_loss=0.6493 grad_norm=0.302 elapsed=74.4m eta=37.3m
2026-09-30 05:53:38,063 config={"data": {"dataset_name": "roneneldan/TinyStories", "local_dataset_dir": "../data/tinystories", "data_dir": "data_processed", "train_size": 100000, "val_size": 10000, "block_size": 128, "seed": 1337}, "model": {"vocab_size": null, "n_embd": 256, "n_head": 8, "n_layer": 6, "dropout": 0.1}, "train": {"batch_size": 64, "epochs": 10, "lr": 0.0003, "warmup_steps": 500, "weight_decay": 0.01, "grad_clip": 1.0, "amp": true, "eval_interval": 500, "eval_iters": 50, "final_eval_iters": 200, "device": "auto", "out_dir": "checkpoints", "log_file": "logs/train_raw.log"}, "generate": {"max_new_tokens": 300, "temperature": 0.8, "top_k": null}}
2026-09-30 05:53:38,087 hardware={'device': 'cuda', 'cpu': 'x86_64', 'platform': 'Linux-6.6.122+-x86_64-with-glibc2.39', 'cpu_count': 2, 'gpu': 'Tesla T4'}
2026-09-30 05:53:49,625 param_count=4827648 vocab_size=109 device=cuda
2026-09-30 05:53:49,626 amp_fp16=True
2026-09-30 05:53:54,152 steps_per_epoch=10964 total_steps=109640
2026-09-30 05:53:59,247 resumed from checkpoints/train_state.pt at epoch=6 step=65784
2026-09-30 05:54:14,064 epoch=6 step=66000/109640 lr=1.23e-04 batch_loss=0.6676 train_loss=0.6502 val_loss=0.6540 grad_norm=0.314 elapsed=67.0m eta=44.3m
2026-09-30 05:54:45,598 epoch=6 step=66500/109640 lr=1.21e-04 batch_loss=0.6812 train_loss=0.6508 val_loss=0.6542 grad_norm=0.306 elapsed=67.5m eta=43.8m
2026-09-30 05:55:15,062 epoch=6 step=67000/109640 lr=1.20e-04 batch_loss=0.6604 train_loss=0.6445 val_loss=0.6505 grad_norm=0.291 elapsed=68.0m eta=43.3m
2026-09-30 05:55:44,952 epoch=6 step=67500/109640 lr=1.18e-04 batch_loss=0.6385 train_loss=0.6464 val_loss=0.6556 grad_norm=0.296 elapsed=68.5m eta=42.7m
2026-09-30 05:56:15,218 epoch=6 step=68000/109640 lr=1.16e-04 batch_loss=0.6455 train_loss=0.6432 val_loss=0.6525 grad_norm=0.294 elapsed=69.0m eta=42.2m
2026-09-30 05:56:45,643 epoch=6 step=68500/109640 lr=1.14e-04 batch_loss=0.6837 train_loss=0.6469 val_loss=0.6515 grad_norm=0.302 elapsed=69.5m eta=41.7m
2026-09-30 05:57:16,450 epoch=6 step=69000/109640 lr=1.12e-04 batch_loss=0.6866 train_loss=0.6435 val_loss=0.6564 grad_norm=0.302 elapsed=70.0m eta=41.2m
2026-09-30 05:57:47,621 epoch=6 step=69500/109640 lr=1.11e-04 batch_loss=0.6792 train_loss=0.6423 val_loss=0.6551 grad_norm=0.306 elapsed=70.5m eta=40.7m
2026-09-30 05:58:18,734 epoch=6 step=70000/109640 lr=1.09e-04 batch_loss=0.6634 train_loss=0.6485 val_loss=0.6516 grad_norm=0.295 elapsed=71.0m eta=40.2m
2026-09-30 05:58:49,811 epoch=6 step=70500/109640 lr=1.07e-04 batch_loss=0.6633 train_loss=0.6417 val_loss=0.6477 grad_norm=0.305 elapsed=71.5m eta=39.7m
2026-09-30 05:59:21,005 epoch=6 step=71000/109640 lr=1.05e-04 batch_loss=0.6702 train_loss=0.6471 val_loss=0.6563 grad_norm=0.303 elapsed=72.1m eta=39.2m
2026-09-30 05:59:52,262 epoch=6 step=71500/109640 lr=1.04e-04 batch_loss=0.6791 train_loss=0.6484 val_loss=0.6536 grad_norm=0.304 elapsed=72.6m eta=38.7m
2026-09-30 06:00:23,351 epoch=6 step=72000/109640 lr=1.02e-04 batch_loss=0.6680 train_loss=0.6393 val_loss=0.6521 grad_norm=0.305 elapsed=73.1m eta=38.2m
2026-09-30 06:00:54,459 epoch=6 step=72500/109640 lr=1.00e-04 batch_loss=0.6963 train_loss=0.6417 val_loss=0.6540 grad_norm=0.312 elapsed=73.6m eta=37.7m
2026-09-30 06:01:25,619 epoch=6 step=73000/109640 lr=9.84e-05 batch_loss=0.6825 train_loss=0.6441 val_loss=0.6493 grad_norm=0.302 elapsed=74.1m eta=37.2m
2026-09-30 06:01:56,689 epoch=6 step=73500/109640 lr=9.67e-05 batch_loss=0.6261 train_loss=0.6423 val_loss=0.6480 grad_norm=0.291 elapsed=74.7m eta=36.7m
2026-09-30 06:02:27,726 epoch=6 step=74000/109640 lr=9.50e-05 batch_loss=0.6567 train_loss=0.6439 val_loss=0.6451 grad_norm=0.299 elapsed=75.2m eta=36.2m
2026-09-30 06:02:59,015 epoch=6 step=74500/109640 lr=9.34e-05 batch_loss=0.6973 train_loss=0.6410 val_loss=0.6494 grad_norm=0.314 elapsed=75.7m eta=35.7m
2026-09-30 06:03:30,231 epoch=6 step=75000/109640 lr=9.17e-05 batch_loss=0.6458 train_loss=0.6489 val_loss=0.6489 grad_norm=0.294 elapsed=76.2m eta=35.2m
2026-09-30 06:04:01,518 epoch=6 step=75500/109640 lr=9.01e-05 batch_loss=0.6695 train_loss=0.6407 val_loss=0.6463 grad_norm=0.313 elapsed=76.7m eta=34.7m
2026-09-30 06:04:32,750 epoch=6 step=76000/109640 lr=8.85e-05 batch_loss=0.6869 train_loss=0.6407 val_loss=0.6522 grad_norm=0.318 elapsed=77.3m eta=34.2m
2026-09-30 06:05:03,838 epoch=6 step=76500/109640 lr=8.69e-05 batch_loss=0.6755 train_loss=0.6433 val_loss=0.6466 grad_norm=0.295 elapsed=77.8m eta=33.7m
2026-09-30 06:05:18,528 epoch=6 done, train_state saved
2026-09-30 06:05:35,281 epoch=7 step=77000/109640 lr=8.53e-05 batch_loss=0.6325 train_loss=0.6403 val_loss=0.6491 grad_norm=0.296 elapsed=78.3m eta=33.2m
2026-09-30 06:06:06,475 epoch=7 step=77500/109640 lr=8.38e-05 batch_loss=0.6755 train_loss=0.6396 val_loss=0.6447 grad_norm=0.309 elapsed=78.8m eta=32.7m
2026-09-30 06:06:37,824 epoch=7 step=78000/109640 lr=8.22e-05 batch_loss=0.6651 train_loss=0.6426 val_loss=0.6453 grad_norm=0.309 elapsed=79.3m eta=32.2m
2026-09-30 06:07:09,019 epoch=7 step=78500/109640 lr=8.07e-05 batch_loss=0.6504 train_loss=0.6390 val_loss=0.6500 grad_norm=0.305 elapsed=79.9m eta=31.7m
2026-09-30 06:07:40,134 epoch=7 step=79000/109640 lr=7.92e-05 batch_loss=0.6837 train_loss=0.6361 val_loss=0.6463 grad_norm=0.321 elapsed=80.4m eta=31.2m
2026-09-30 06:08:11,202 epoch=7 step=79500/109640 lr=7.77e-05 batch_loss=0.6900 train_loss=0.6370 val_loss=0.6474 grad_norm=0.320 elapsed=80.9m eta=30.7m
2026-09-30 06:08:42,247 epoch=7 step=80000/109640 lr=7.62e-05 batch_loss=0.6776 train_loss=0.6402 val_loss=0.6460 grad_norm=0.304 elapsed=81.4m eta=30.2m
2026-09-30 06:09:13,364 epoch=7 step=80500/109640 lr=7.48e-05 batch_loss=0.6611 train_loss=0.6404 val_loss=0.6463 grad_norm=0.303 elapsed=81.9m eta=29.7m
2026-09-30 06:09:44,466 epoch=7 step=81000/109640 lr=7.33e-05 batch_loss=0.6840 train_loss=0.6364 val_loss=0.6469 grad_norm=0.313 elapsed=82.5m eta=29.2m
2026-09-30 06:10:15,587 epoch=7 step=81500/109640 lr=7.19e-05 batch_loss=0.6921 train_loss=0.6416 val_loss=0.6522 grad_norm=0.311 elapsed=83.0m eta=28.6m
2026-09-30 06:10:46,720 epoch=7 step=82000/109640 lr=7.05e-05 batch_loss=0.6482 train_loss=0.6355 val_loss=0.6460 grad_norm=0.312 elapsed=83.5m eta=28.1m
2026-09-30 06:11:17,850 epoch=7 step=82500/109640 lr=6.91e-05 batch_loss=0.6612 train_loss=0.6327 val_loss=0.6386 grad_norm=0.314 elapsed=84.0m eta=27.6m
2026-09-30 06:11:49,130 epoch=7 step=83000/109640 lr=6.78e-05 batch_loss=0.6733 train_loss=0.6373 val_loss=0.6507 grad_norm=0.309 elapsed=84.5m eta=27.1m
2026-09-30 06:12:20,193 epoch=7 step=83500/109640 lr=6.64e-05 batch_loss=0.6897 train_loss=0.6412 val_loss=0.6411 grad_norm=0.328 elapsed=85.1m eta=26.6m
2026-09-30 06:12:51,341 epoch=7 step=84000/109640 lr=6.51e-05 batch_loss=0.6515 train_loss=0.6372 val_loss=0.6398 grad_norm=0.308 elapsed=85.6m eta=26.1m
2026-09-30 06:13:22,448 epoch=7 step=84500/109640 lr=6.38e-05 batch_loss=0.6639 train_loss=0.6290 val_loss=0.6461 grad_norm=0.299 elapsed=86.1m eta=25.6m
2026-09-30 06:13:53,597 epoch=7 step=85000/109640 lr=6.26e-05 batch_loss=0.6663 train_loss=0.6383 val_loss=0.6459 grad_norm=0.304 elapsed=86.6m eta=25.1m
2026-09-30 06:14:24,880 epoch=7 step=85500/109640 lr=6.13e-05 batch_loss=0.6963 train_loss=0.6334 val_loss=0.6419 grad_norm=0.324 elapsed=87.1m eta=24.6m
2026-09-30 06:14:56,077 epoch=7 step=86000/109640 lr=6.01e-05 batch_loss=0.6356 train_loss=0.6359 val_loss=0.6458 grad_norm=0.303 elapsed=87.7m eta=24.1m
2026-09-30 06:15:27,211 epoch=7 step=86500/109640 lr=5.89e-05 batch_loss=0.6224 train_loss=0.6328 val_loss=0.6477 grad_norm=0.302 elapsed=88.2m eta=23.6m
2026-09-30 06:15:58,405 epoch=7 step=87000/109640 lr=5.77e-05 batch_loss=0.6815 train_loss=0.6393 val_loss=0.6477 grad_norm=0.320 elapsed=88.7m eta=23.1m
2026-09-30 06:16:29,550 epoch=7 step=87500/109640 lr=5.65e-05 batch_loss=0.6827 train_loss=0.6367 val_loss=0.6383 grad_norm=0.305 elapsed=89.2m eta=22.6m
2026-09-30 06:16:42,203 epoch=7 done, train_state saved
2026-09-30 06:17:01,301 epoch=8 step=88000/109640 lr=5.54e-05 batch_loss=0.6478 train_loss=0.6295 val_loss=0.6443 grad_norm=0.313 elapsed=89.7m eta=22.1m
2026-09-30 06:17:32,543 epoch=8 step=88500/109640 lr=5.42e-05 batch_loss=0.6359 train_loss=0.6354 val_loss=0.6465 grad_norm=0.306 elapsed=90.3m eta=21.6m
2026-09-30 06:18:03,719 epoch=8 step=89000/109640 lr=5.31e-05 batch_loss=0.6493 train_loss=0.6341 val_loss=0.6407 grad_norm=0.303 elapsed=90.8m eta=21.1m
2026-09-30 06:18:34,820 epoch=8 step=89500/109640 lr=5.21e-05 batch_loss=0.6682 train_loss=0.6298 val_loss=0.6429 grad_norm=0.303 elapsed=91.3m eta=20.5m
2026-09-30 06:19:06,005 epoch=8 step=90000/109640 lr=5.10e-05 batch_loss=0.6538 train_loss=0.6364 val_loss=0.6395 grad_norm=0.317 elapsed=91.8m eta=20.0m
2026-09-30 06:19:37,221 epoch=8 step=90500/109640 lr=5.00e-05 batch_loss=0.6566 train_loss=0.6349 val_loss=0.6422 grad_norm=0.310 elapsed=92.3m eta=19.5m
2026-09-30 06:20:08,357 epoch=8 step=91000/109640 lr=4.90e-05 batch_loss=0.6614 train_loss=0.6283 val_loss=0.6478 grad_norm=0.306 elapsed=92.9m eta=19.0m
2026-09-30 06:20:39,562 epoch=8 step=91500/109640 lr=4.80e-05 batch_loss=0.6750 train_loss=0.6268 val_loss=0.6439 grad_norm=0.317 elapsed=93.4m eta=18.5m
2026-09-30 06:21:10,727 epoch=8 step=92000/109640 lr=4.70e-05 batch_loss=0.6852 train_loss=0.6344 val_loss=0.6435 grad_norm=0.328 elapsed=93.9m eta=18.0m
2026-09-30 06:21:41,902 epoch=8 step=92500/109640 lr=4.61e-05 batch_loss=0.6264 train_loss=0.6301 val_loss=0.6485 grad_norm=0.300 elapsed=94.4m eta=17.5m
2026-09-30 06:22:13,169 epoch=8 step=93000/109640 lr=4.52e-05 batch_loss=0.6528 train_loss=0.6366 val_loss=0.6399 grad_norm=0.320 elapsed=94.9m eta=17.0m
2026-09-30 06:22:44,305 epoch=8 step=93500/109640 lr=4.43e-05 batch_loss=0.6792 train_loss=0.6354 val_loss=0.6422 grad_norm=0.317 elapsed=95.5m eta=16.5m
2026-09-30 06:23:15,368 epoch=8 step=94000/109640 lr=4.35e-05 batch_loss=0.6691 train_loss=0.6323 val_loss=0.6423 grad_norm=0.317 elapsed=96.0m eta=16.0m
2026-09-30 06:23:46,537 epoch=8 step=94500/109640 lr=4.26e-05 batch_loss=0.6353 train_loss=0.6365 val_loss=0.6430 grad_norm=0.303 elapsed=96.5m eta=15.5m
2026-09-30 06:24:17,662 epoch=8 step=95000/109640 lr=4.18e-05 batch_loss=0.6518 train_loss=0.6336 val_loss=0.6398 grad_norm=0.305 elapsed=97.0m eta=14.9m
2026-09-30 06:24:48,755 epoch=8 step=95500/109640 lr=4.10e-05 batch_loss=0.6770 train_loss=0.6318 val_loss=0.6422 grad_norm=0.323 elapsed=97.5m eta=14.4m
2026-09-30 06:25:19,928 epoch=8 step=96000/109640 lr=4.03e-05 batch_loss=0.6332 train_loss=0.6347 val_loss=0.6399 grad_norm=0.307 elapsed=98.1m eta=13.9m
2026-09-30 06:25:51,013 epoch=8 step=96500/109640 lr=3.95e-05 batch_loss=0.6678 train_loss=0.6344 val_loss=0.6404 grad_norm=0.314 elapsed=98.6m eta=13.4m
2026-09-30 06:26:22,047 epoch=8 step=97000/109640 lr=3.88e-05 batch_loss=0.6709 train_loss=0.6290 val_loss=0.6396 grad_norm=0.324 elapsed=99.1m eta=12.9m
2026-09-30 06:26:53,090 epoch=8 step=97500/109640 lr=3.82e-05 batch_loss=0.6741 train_loss=0.6342 val_loss=0.6442 grad_norm=0.319 elapsed=99.6m eta=12.4m
2026-09-30 06:27:24,149 epoch=8 step=98000/109640 lr=3.75e-05 batch_loss=0.6732 train_loss=0.6317 val_loss=0.6407 grad_norm=0.321 elapsed=100.1m eta=11.9m
2026-09-30 06:27:55,153 epoch=8 step=98500/109640 lr=3.69e-05 batch_loss=0.6431 train_loss=0.6323 val_loss=0.6403 grad_norm=0.310 elapsed=100.6m eta=11.4m
2026-09-30 06:28:05,620 epoch=8 done, train_state saved
2026-09-30 06:28:26,533 epoch=9 step=99000/109640 lr=3.63e-05 batch_loss=0.6613 train_loss=0.6297 val_loss=0.6421 grad_norm=0.311 elapsed=101.2m eta=10.9m
2026-09-30 06:28:57,665 epoch=9 step=99500/109640 lr=3.57e-05 batch_loss=0.6690 train_loss=0.6322 val_loss=0.6388 grad_norm=0.321 elapsed=101.7m eta=10.4m
2026-09-30 06:29:28,744 epoch=9 step=100000/109640 lr=3.52e-05 batch_loss=0.6650 train_loss=0.6240 val_loss=0.6418 grad_norm=0.321 elapsed=102.2m eta=9.9m
2026-09-30 06:29:59,891 epoch=9 step=100500/109640 lr=3.46e-05 batch_loss=0.6603 train_loss=0.6325 val_loss=0.6389 grad_norm=0.320 elapsed=102.7m eta=9.3m
2026-09-30 06:30:31,084 epoch=9 step=101000/109640 lr=3.42e-05 batch_loss=0.6747 train_loss=0.6296 val_loss=0.6416 grad_norm=0.332 elapsed=103.2m eta=8.8m
2026-09-30 06:31:02,179 epoch=9 step=101500/109640 lr=3.37e-05 batch_loss=0.6938 train_loss=0.6320 val_loss=0.6368 grad_norm=0.323 elapsed=103.8m eta=8.3m
2026-09-30 06:31:33,345 epoch=9 step=102000/109640 lr=3.33e-05 batch_loss=0.6502 train_loss=0.6283 val_loss=0.6428 grad_norm=0.321 elapsed=104.3m eta=7.8m
2026-09-30 06:32:04,538 epoch=9 step=102500/109640 lr=3.28e-05 batch_loss=0.6706 train_loss=0.6287 val_loss=0.6357 grad_norm=0.331 elapsed=104.8m eta=7.3m
2026-09-30 06:32:35,837 epoch=9 step=103000/109640 lr=3.25e-05 batch_loss=0.6468 train_loss=0.6298 val_loss=0.6390 grad_norm=0.327 elapsed=105.3m eta=6.8m
2026-09-30 06:33:06,962 epoch=9 step=103500/109640 lr=3.21e-05 batch_loss=0.6581 train_loss=0.6292 val_loss=0.6393 grad_norm=0.320 elapsed=105.8m eta=6.3m
2026-09-30 06:33:38,289 epoch=9 step=104000/109640 lr=3.18e-05 batch_loss=0.6701 train_loss=0.6297 val_loss=0.6350 grad_norm=0.329 elapsed=106.4m eta=5.8m
2026-09-30 06:34:09,810 epoch=9 step=104500/109640 lr=3.15e-05 batch_loss=0.6551 train_loss=0.6264 val_loss=0.6400 grad_norm=0.320 elapsed=106.9m eta=5.3m
2026-09-30 06:34:41,007 epoch=9 step=105000/109640 lr=3.12e-05 batch_loss=0.6665 train_loss=0.6307 val_loss=0.6404 grad_norm=0.324 elapsed=107.4m eta=4.7m
2026-09-30 06:35:12,285 epoch=9 step=105500/109640 lr=3.10e-05 batch_loss=0.6589 train_loss=0.6337 val_loss=0.6412 grad_norm=0.321 elapsed=107.9m eta=4.2m
2026-09-30 06:35:43,483 epoch=9 step=106000/109640 lr=3.07e-05 batch_loss=0.6343 train_loss=0.6276 val_loss=0.6387 grad_norm=0.315 elapsed=108.4m eta=3.7m
2026-09-30 06:36:14,766 epoch=9 step=106500/109640 lr=3.06e-05 batch_loss=0.6749 train_loss=0.6262 val_loss=0.6405 grad_norm=0.335 elapsed=109.0m eta=3.2m
2026-09-30 06:36:46,082 epoch=9 step=107000/109640 lr=3.04e-05 batch_loss=0.6561 train_loss=0.6306 val_loss=0.6397 grad_norm=0.317 elapsed=109.5m eta=2.7m
2026-09-30 06:37:17,224 epoch=9 step=107500/109640 lr=3.03e-05 batch_loss=0.6443 train_loss=0.6305 val_loss=0.6404 grad_norm=0.312 elapsed=110.0m eta=2.2m
2026-09-30 06:37:48,321 epoch=9 step=108000/109640 lr=3.02e-05 batch_loss=0.6567 train_loss=0.6323 val_loss=0.6386 grad_norm=0.317 elapsed=110.5m eta=1.7m
2026-09-30 06:38:19,498 epoch=9 step=108500/109640 lr=3.01e-05 batch_loss=0.6657 train_loss=0.6308 val_loss=0.6358 grad_norm=0.327 elapsed=111.0m eta=1.2m
2026-09-30 06:38:50,741 epoch=9 step=109000/109640 lr=3.00e-05 batch_loss=0.6643 train_loss=0.6273 val_loss=0.6411 grad_norm=0.333 elapsed=111.6m eta=0.7m
2026-09-30 06:39:22,020 epoch=9 step=109500/109640 lr=3.00e-05 batch_loss=0.6486 train_loss=0.6290 val_loss=0.6426 grad_norm=0.313 elapsed=112.1m eta=0.1m
2026-09-30 06:39:32,177 epoch=9 step=109639/109640 lr=3.00e-05 batch_loss=0.6627 train_loss=0.6351 val_loss=0.6370 grad_norm=0.316 elapsed=112.3m eta=0.0m
2026-09-30 06:39:32,476 epoch=9 done, train_state saved
2026-09-30 06:39:41,088 final_metrics={"checkpoint": "checkpoints/gpt_final.pt", "param_count": 4827648, "train_cross_entropy": 0.6303482213616372, "val_cross_entropy": 0.638516144156456, "perplexity_val": 1.893668861900219, "perplexity_train": 1.878264517227855, "bits_per_character_val": 0.9211840747020615, "generalization_gap": 0.008167922794818816, "top1_next_char_accuracy_val": 0.795491943359375, "top1_next_char_accuracy_train": 0.7973394775390625, "grad_norm_mean": Infinity, "grad_norm_max": Infinity, "grad_norm_p95": 0.4908212199807157, "nan_steps": 0, "loss_spikes": 0, "training_time_sec": 6735.6416392326355, "training_tokens_per_sec": 133346.00148091087, "peak_memory_mb": 943.98681640625, "epochs": 10, "amp_fp16": true, "total_steps": 109640, "loss_curve_plot": "checkpoints/loss_curves.png"}
